4739 INFO: PyInstaller: 6.21.0, contrib hooks: 2026.6
4739 INFO: Python: 3.13.5 (conda)
4772 INFO: Platform: Windows-11-10.0.26200-SP0
4772 INFO: Python environment: D:\anaconda3
6406 INFO: NumExpr defaulting to 16 threads.
14361 INFO: Module search paths (PYTHONPATH):
['D:\\PythonProject\\QuantVortex',
 'C:\\Program '
 'Files\\WorkBuddy\\resources\\app.asar.unpacked\\cli\\vendor\\shim',
 'D:\\anaconda3\\python313.zip',
 'D:\\anaconda3\\DLLs',
 'D:\\anaconda3\\Lib',
 'D:\\anaconda3',
 'D:\\anaconda3\\Lib\\site-packages',
 'D:\\anaconda3\\Lib\\site-packages\\win32',
 'D:\\anaconda3\\Lib\\site-packages\\win32\\lib',
 'D:\\anaconda3\\Lib\\site-packages\\Pythonwin',
 'D:\\PythonProject\\QuantVortex']
18633 INFO: Appending 'datas' from .spec
18654 INFO: checking Analysis
18654 INFO: Building Analysis because Analysis-00.toc is non existent
18654 INFO: Looking for Python shared library...
18654 INFO: Using Python shared library: D:\anaconda3\python313.dll
18654 INFO: Running Analysis Analysis-00.toc
18654 INFO: Target bytecode optimization level: 0
18654 INFO: Initializing module dependency graph...
18657 INFO: Initializing module graph hook caches...
18688 INFO: Analyzing modules for base_library.zip ...
31584 INFO: Processing standard module hook 'hook-encodings.py' from 'D:\\anaconda3\\Lib\\site-packages\\PyInstaller\\hooks'
35920 INFO: Processing standard module hook 'hook-math.py' from 'D:\\anaconda3\\Lib\\site-packages\\PyInstaller\\hooks'
38860 INFO: Processing standard module hook 'hook-pickle.py' from 'D:\\anaconda3\\Lib\\site-packages\\PyInstaller\\hooks'
41028 INFO: Processing standard module hook 'hook-heapq.py' from 'D:\\anaconda3\\Lib\\site-packages\\PyInstaller\\hooks'
42263 INFO: Caching module dependency graph...
42393 INFO: Analyzing D:\PythonProject\QuantVortex\main.py
42443 INFO: Processing standard module hook 'hook-PyQt6.py' from 'D:\\anaconda3\\Lib\\site-packages\\PyInstaller\\hooks'
43733 INFO: Processing standard module hook 'hook-PyQt6.QtCore.py' from 'D:\\anaconda3\\Lib\\site-packages\\PyInstaller\\hooks'
49581 INFO: Processing standard module hook 'hook-PyQt6.QtGui.py' from 'D:\\anaconda3\\Lib\\site-packages\\PyInstaller\\hooks'
72857 INFO: Processing standard module hook 'hook-PyQt6.QtWidgets.py' from 'D:\\anaconda3\\Lib\\site-packages\\PyInstaller\\hooks'
78785 INFO: Processing standard module hook 'hook-PyQt6.QtSvg.py' from 'D:\\anaconda3\\Lib\\site-packages\\PyInstaller\\hooks'
81429 INFO: Processing standard module hook 'hook-numpy.py' from 'D:\\anaconda3\\Lib\\site-packages\\PyInstaller\\hooks'
81786 INFO: Processing standard module hook 'hook-_ctypes.py' from 'D:\\anaconda3\\Lib\\site-packages\\PyInstaller\\hooks'
82579 INFO: Processing standard module hook 'hook-platform.py' from 'D:\\anaconda3\\Lib\\site-packages\\PyInstaller\\hooks'
83147 INFO: Processing standard module hook 'hook-sysconfig.py' from 'D:\\anaconda3\\Lib\\site-packages\\PyInstaller\\hooks'
83998 INFO: Processing standard module hook 'hook-webbrowser.py' from 'D:\\anaconda3\\Lib\\site-packages\\PyInstaller\\hooks'
85730 INFO: Processing standard module hook 'hook-difflib.py' from 'D:\\anaconda3\\Lib\\site-packages\\PyInstaller\\hooks'
86189 INFO: Processing standard module hook 'hook-multiprocessing.util.py' from 'D:\\anaconda3\\Lib\\site-packages\\PyInstaller\\hooks'
86450 INFO: Processing standard module hook 'hook-xml.py' from 'D:\\anaconda3\\Lib\\site-packages\\PyInstaller\\hooks'
88803 INFO: Processing standard module hook 'hook-psutil.py' from 'D:\\anaconda3\\Lib\\site-packages\\_pyinstaller_hooks_contrib\\stdhooks'
91890 INFO: Processing standard module hook 'hook-charset_normalizer.py' from 'D:\\anaconda3\\Lib\\site-packages\\_pyinstaller_hooks_contrib\\stdhooks'
92784 INFO: Processing standard module hook 'hook-pandas.py' from 'D:\\anaconda3\\Lib\\site-packages\\PyInstaller\\hooks'
3566 INFO: NumExpr defaulting to 16 threads.
98659 INFO: Processing standard module hook 'hook-pytz.py' from 'D:\\anaconda3\\Lib\\site-packages\\PyInstaller\\hooks'
99278 INFO: Processing standard module hook 'hook-pyarrow.py' from 'D:\\anaconda3\\Lib\\site-packages\\_pyinstaller_hooks_contrib\\stdhooks'
104058 INFO: Processing standard module hook 'hook-fsspec.py' from 'D:\\anaconda3\\Lib\\site-packages\\_pyinstaller_hooks_contrib\\stdhooks'
108678 INFO: Processing pre-safe-import-module hook 'hook-typing_extensions.py' from 'D:\\anaconda3\\Lib\\site-packages\\PyInstaller\\hooks\\pre_safe_import_module'
108686 INFO: SetuptoolsInfo: initializing cached setuptools info...
122876 INFO: Processing standard module hook 'hook-sphinx.py' from 'D:\\anaconda3\\Lib\\site-packages\\PyInstaller\\hooks'
162415 INFO: Processing pre-safe-import-module hook 'hook-packaging.py' from 'D:\\anaconda3\\Lib\\site-packages\\PyInstaller\\hooks\\pre_safe_import_module'
163222 INFO: Processing standard module hook 'hook-docutils.py' from 'D:\\anaconda3\\Lib\\site-packages\\_pyinstaller_hooks_contrib\\stdhooks'
181666 INFO: Processing standard module hook 'hook-xml.dom.domreg.py' from 'D:\\anaconda3\\Lib\\site-packages\\PyInstaller\\hooks'
183077 INFO: Processing standard module hook 'hook-pygments.py' from 'D:\\anaconda3\\Lib\\site-packages\\PyInstaller\\hooks'
196744 INFO: Processing standard module hook 'hook-chardet.py' from 'D:\\anaconda3\\Lib\\site-packages\\_pyinstaller_hooks_contrib\\stdhooks'
199477 INFO: Processing standard module hook 'hook-jinja2.py' from 'D:\\anaconda3\\Lib\\site-packages\\_pyinstaller_hooks_contrib\\stdhooks'
200899 INFO: Processing standard module hook 'hook-babel.py' from 'D:\\anaconda3\\Lib\\site-packages\\PyInstaller\\hooks'
201445 INFO: Processing standard module hook 'hook-zoneinfo.py' from 'D:\\anaconda3\\Lib\\site-packages\\_pyinstaller_hooks_contrib\\stdhooks'
201890 INFO: Processing standard module hook 'hook-pkg_resources.py' from 'D:\\anaconda3\\Lib\\site-packages\\PyInstaller\\hooks'
206232 INFO: Processing pre-safe-import-module hook 'hook-jaraco.py' from 'D:\\anaconda3\\Lib\\site-packages\\PyInstaller\\hooks\\pre_safe_import_module'
206235 INFO: Setuptools: 'jaraco' appears to be a partial setuptools-vendored copy - extending search paths to ['D:\\anaconda3\\Lib\\site-packages\\jaraco', 'D:\\anaconda3\\Lib\\site-packages\\setuptools\\_vendor\\jaraco']!
206236 INFO: Processing pre-safe-import-module hook 'hook-jaraco.text.py' from 'D:\\anaconda3\\Lib\\site-packages\\PyInstaller\\hooks\\pre_safe_import_module'
206238 INFO: Setuptools: 'jaraco.text' appears to be a setuptools-vendored copy - creating alias to 'setuptools._vendor.jaraco.text'!
206253 INFO: Processing standard module hook 'hook-setuptools.py' from 'D:\\anaconda3\\Lib\\site-packages\\PyInstaller\\hooks'
206276 INFO: Processing pre-safe-import-module hook 'hook-distutils.py' from 'D:\\anaconda3\\Lib\\site-packages\\PyInstaller\\hooks\\pre_safe_import_module'
207057 INFO: Processing pre-safe-import-module hook 'hook-more_itertools.py' from 'D:\\anaconda3\\Lib\\site-packages\\PyInstaller\\hooks\\pre_safe_import_module'
207347 INFO: Processing pre-safe-import-module hook 'hook-importlib_metadata.py' from 'D:\\anaconda3\\Lib\\site-packages\\PyInstaller\\hooks\\pre_safe_import_module'
207405 INFO: Processing standard module hook 'hook-importlib_metadata.py' from 'D:\\anaconda3\\Lib\\site-packages\\PyInstaller\\hooks'
207465 INFO: Processing pre-safe-import-module hook 'hook-zipp.py' from 'D:\\anaconda3\\Lib\\site-packages\\PyInstaller\\hooks\\pre_safe_import_module'
207512 INFO: Processing pre-safe-import-module hook 'hook-importlib_resources.py' from 'D:\\anaconda3\\Lib\\site-packages\\PyInstaller\\hooks\\pre_safe_import_module'
207514 INFO: Setuptools: 'importlib_resources' appears to be a setuptools-vendored copy - creating alias to 'setuptools._vendor.importlib_resources'!
207771 INFO: Processing pre-safe-import-module hook 'hook-ordered_set.py' from 'D:\\anaconda3\\Lib\\site-packages\\PyInstaller\\hooks\\pre_safe_import_module'
207773 INFO: Setuptools: 'ordered_set' appears to be a setuptools-vendored copy - creating alias to 'setuptools._vendor.ordered_set'!
207815 INFO: Processing pre-safe-import-module hook 'hook-jaraco.functools.py' from 'D:\\anaconda3\\Lib\\site-packages\\PyInstaller\\hooks\\pre_safe_import_module'
208087 INFO: Processing pre-safe-import-module hook 'hook-tomli.py' from 'D:\\anaconda3\\Lib\\site-packages\\PyInstaller\\hooks\\pre_safe_import_module'
209290 INFO: Processing pre-safe-import-module hook 'hook-wheel.py' from 'D:\\anaconda3\\Lib\\site-packages\\PyInstaller\\hooks\\pre_safe_import_module'
209695 INFO: Processing standard module hook 'hook-setuptools._vendor.jaraco.text.py' from 'D:\\anaconda3\\Lib\\site-packages\\PyInstaller\\hooks'
209699 INFO: Processing pre-safe-import-module hook 'hook-jaraco.context.py' from 'D:\\anaconda3\\Lib\\site-packages\\PyInstaller\\hooks\\pre_safe_import_module'
209730 INFO: Processing pre-safe-import-module hook 'hook-backports.py' from 'D:\\anaconda3\\Lib\\site-packages\\PyInstaller\\hooks\\pre_safe_import_module'
209732 INFO: Setuptools: 'backports' appears to be a full setuptools-vendored copy - creating alias to 'setuptools._vendor.backports'!
209933 INFO: Processing pre-safe-import-module hook 'hook-platformdirs.py' from 'D:\\anaconda3\\Lib\\site-packages\\PyInstaller\\hooks\\pre_safe_import_module'
209960 INFO: Processing standard module hook 'hook-platformdirs.py' from 'D:\\anaconda3\\Lib\\site-packages\\_pyinstaller_hooks_contrib\\stdhooks'
212560 INFO: Processing standard module hook 'hook-xml.etree.cElementTree.py' from 'D:\\anaconda3\\Lib\\site-packages\\PyInstaller\\hooks'
212584 INFO: Processing standard module hook 'hook-PIL.py' from 'D:\\anaconda3\\Lib\\site-packages\\PyInstaller\\hooks'
212842 INFO: Processing standard module hook 'hook-PIL.Image.py' from 'D:\\anaconda3\\Lib\\site-packages\\PyInstaller\\hooks'
217280 INFO: Processing standard module hook 'hook-PIL.ImageFilter.py' from 'D:\\anaconda3\\Lib\\site-packages\\PyInstaller\\hooks'
224285 INFO: Processing standard module hook 'hook-numba.py' from 'D:\\anaconda3\\Lib\\site-packages\\_pyinstaller_hooks_contrib\\stdhooks'
224343 INFO: Processing standard module hook 'hook-llvmlite.py' from 'D:\\anaconda3\\Lib\\site-packages\\_pyinstaller_hooks_contrib\\stdhooks'
225057 INFO: Processing standard module hook 'hook-IPython.py' from 'D:\\anaconda3\\Lib\\site-packages\\_pyinstaller_hooks_contrib\\stdhooks'
233830 INFO: Processing standard module hook 'hook-astroid.py' from 'D:\\anaconda3\\Lib\\site-packages\\_pyinstaller_hooks_contrib\\stdhooks'
239719 INFO: Processing pre-safe-import-module hook 'hook-gi.py' from 'D:\\anaconda3\\Lib\\site-packages\\PyInstaller\\hooks\\pre_safe_import_module'
242463 INFO: Processing standard module hook 'hook-pycparser.py' from 'D:\\anaconda3\\Lib\\site-packages\\_pyinstaller_hooks_contrib\\stdhooks'
246104 INFO: Processing standard module hook 'hook-py.py' from 'D:\\anaconda3\\Lib\\site-packages\\_pyinstaller_hooks_contrib\\stdhooks'
248187 INFO: Processing standard module hook 'hook-pytest.py' from 'D:\\anaconda3\\Lib\\site-packages\\_pyinstaller_hooks_contrib\\stdhooks'
251201 INFO: Processing standard module hook 'hook-cryptography.py' from 'D:\\anaconda3\\Lib\\site-packages\\_pyinstaller_hooks_contrib\\stdhooks'
264439 INFO: hook-cryptography: cryptography uses dynamically-linked OpenSSL: 'C:\\Users\\Administrator\\.workbuddy\\vendor\\PortableGit\\mingw64\\bin\\libssl-3-x64.dll'
265111 INFO: Processing standard module hook 'hook-bcrypt.py' from 'D:\\anaconda3\\Lib\\site-packages\\_pyinstaller_hooks_contrib\\stdhooks'
266121 INFO: Processing standard module hook 'hook-wcwidth.py' from 'D:\\anaconda3\\Lib\\site-packages\\PyInstaller\\hooks'
268403 INFO: Processing standard module hook 'hook-jedi.py' from 'D:\\anaconda3\\Lib\\site-packages\\_pyinstaller_hooks_contrib\\stdhooks'
270072 INFO: Processing standard module hook 'hook-parso.py' from 'D:\\anaconda3\\Lib\\site-packages\\_pyinstaller_hooks_contrib\\stdhooks'
273367 INFO: Processing standard module hook 'hook-sqlite3.py' from 'D:\\anaconda3\\Lib\\site-packages\\PyInstaller\\hooks'
277630 INFO: Processing standard module hook 'hook-nbformat.py' from 'D:\\anaconda3\\Lib\\site-packages\\_pyinstaller_hooks_contrib\\stdhooks'
278151 INFO: Processing standard module hook 'hook-jsonschema.py' from 'D:\\anaconda3\\Lib\\site-packages\\_pyinstaller_hooks_contrib\\stdhooks'
278548 INFO: Processing standard module hook 'hook-jsonschema_specifications.py' from 'D:\\anaconda3\\Lib\\site-packages\\_pyinstaller_hooks_contrib\\stdhooks'
278725 INFO: Processing standard module hook 'hook-urllib3.py' from 'D:\\anaconda3\\Lib\\site-packages\\_pyinstaller_hooks_contrib\\stdhooks'
280051 INFO: Processing standard module hook 'hook-certifi.py' from 'D:\\anaconda3\\Lib\\site-packages\\_pyinstaller_hooks_contrib\\stdhooks'
281207 INFO: Processing standard module hook 'hook-black.py' from 'D:\\anaconda3\\Lib\\site-packages\\_pyinstaller_hooks_contrib\\stdhooks'
291033 INFO: Processing standard module hook 'hook-blib2to3.py' from 'D:\\anaconda3\\Lib\\site-packages\\_pyinstaller_hooks_contrib\\stdhooks'
296079 INFO: Processing standard module hook 'hook-yapf_third_party.py' from 'D:\\anaconda3\\Lib\\site-packages\\_pyinstaller_hooks_contrib\\stdhooks'
297042 INFO: Processing standard module hook 'hook-zmq.py' from 'D:\\anaconda3\\Lib\\site-packages\\_pyinstaller_hooks_contrib\\stdhooks'
302545 INFO: Processing standard module hook 'hook-dateutil.py' from 'D:\\anaconda3\\Lib\\site-packages\\_pyinstaller_hooks_contrib\\stdhooks'
302802 INFO: Processing pre-safe-import-module hook 'hook-six.moves.py' from 'D:\\anaconda3\\Lib\\site-packages\\PyInstaller\\hooks\\pre_safe_import_module'
305312 INFO: Processing standard module hook 'hook-shelve.py' from 'D:\\anaconda3\\Lib\\site-packages\\PyInstaller\\hooks'
305354 INFO: Processing standard module hook 'hook-cloudpickle.py' from 'D:\\anaconda3\\Lib\\site-packages\\_pyinstaller_hooks_contrib\\stdhooks'
315079 INFO: Processing pre-safe-import-module hook 'hook-win32com.py' from 'D:\\anaconda3\\Lib\\site-packages\\_pyinstaller_hooks_contrib\\pre_safe_import_module'
315556 INFO: Processing standard module hook 'hook-win32com.py' from 'D:\\anaconda3\\Lib\\site-packages\\_pyinstaller_hooks_contrib\\stdhooks'
315562 INFO: Processing standard module hook 'hook-pythoncom.py' from 'D:\\anaconda3\\Lib\\site-packages\\_pyinstaller_hooks_contrib\\stdhooks'
315991 INFO: Processing standard module hook 'hook-pywintypes.py' from 'D:\\anaconda3\\Lib\\site-packages\\_pyinstaller_hooks_contrib\\stdhooks'
320476 INFO: Processing standard module hook 'hook-pandas.io.formats.style.py' from 'D:\\anaconda3\\Lib\\site-packages\\PyInstaller\\hooks'
323262 INFO: Processing standard module hook 'hook-botocore.py' from 'D:\\anaconda3\\Lib\\site-packages\\_pyinstaller_hooks_contrib\\stdhooks'
329269 INFO: Processing standard module hook 'hook-openpyxl.py' from 'D:\\anaconda3\\Lib\\site-packages\\_pyinstaller_hooks_contrib\\stdhooks'
329499 INFO: Processing standard module hook 'hook-lxml.py' from 'D:\\anaconda3\\Lib\\site-packages\\_pyinstaller_hooks_contrib\\stdhooks'
334047 INFO: Processing standard module hook 'hook-lxml.etree.py' from 'D:\\anaconda3\\Lib\\site-packages\\_pyinstaller_hooks_contrib\\stdhooks'
337269 INFO: Processing standard module hook 'hook-pandas.plotting.py' from 'D:\\anaconda3\\Lib\\site-packages\\PyInstaller\\hooks'
339538 INFO: Processing standard module hook 'hook-tables.py' from 'D:\\anaconda3\\Lib\\site-packages\\_pyinstaller_hooks_contrib\\stdhooks'
341274 INFO: Processing standard module hook 'hook-sqlalchemy.py' from 'D:\\anaconda3\\Lib\\site-packages\\PyInstaller\\hooks'
352796 INFO: Processing standard module hook 'hook-pandas.io.clipboard.py' from 'D:\\anaconda3\\Lib\\site-packages\\PyInstaller\\hooks'
352852 INFO: Processing standard module hook 'hook-qtpy.py' from 'D:\\anaconda3\\Lib\\site-packages\\PyInstaller\\hooks'
352855 INFO: hook-qtpy: selected 'PyQt6' as Qt bindings because hook for 'PyQt6' has been run before.
353600 INFO: Processing standard module hook 'hook-PyQt6.QtOpenGL.py' from 'D:\\anaconda3\\Lib\\site-packages\\PyInstaller\\hooks'
358712 INFO: Processing standard module hook 'hook-PyQt6.QtOpenGLWidgets.py' from 'D:\\anaconda3\\Lib\\site-packages\\PyInstaller\\hooks'
364707 INFO: Processing standard module hook 'hook-distributed.py' from 'D:\\anaconda3\\Lib\\site-packages\\_pyinstaller_hooks_contrib\\stdhooks'
373555 INFO: Processing standard module hook 'hook-dask.py' from 'D:\\anaconda3\\Lib\\site-packages\\_pyinstaller_hooks_contrib\\stdhooks'
374491 INFO: Processing standard module hook 'hook-xarray.py' from 'D:\\anaconda3\\Lib\\site-packages\\_pyinstaller_hooks_contrib\\stdhooks'
376721 INFO: Processing standard module hook 'hook-lz4.py' from 'D:\\anaconda3\\Lib\\site-packages\\_pyinstaller_hooks_contrib\\stdhooks'
377037 INFO: Processing standard module hook 'hook-h5py.py' from 'D:\\anaconda3\\Lib\\site-packages\\_pyinstaller_hooks_contrib\\stdhooks'
396002 INFO: Processing standard module hook 'hook-bokeh.py' from 'D:\\anaconda3\\Lib\\site-packages\\_pyinstaller_hooks_contrib\\stdhooks'
402709 INFO: Processing standard module hook 'hook-xyzservices.py' from 'D:\\anaconda3\\Lib\\site-packages\\_pyinstaller_hooks_contrib\\stdhooks'
404375 INFO: Processing standard module hook 'hook-selenium.py' from 'D:\\anaconda3\\Lib\\site-packages\\_pyinstaller_hooks_contrib\\stdhooks'
453600 INFO: Processing standard module hook 'hook-argon2.py' from 'D:\\anaconda3\\Lib\\site-packages\\_pyinstaller_hooks_contrib\\stdhooks'
454386 INFO: Processing standard module hook 'hook-notebook.py' from 'D:\\anaconda3\\Lib\\site-packages\\_pyinstaller_hooks_contrib\\stdhooks'
460395 INFO: Processing standard module hook 'hook-jupyterlab.py' from 'D:\\anaconda3\\Lib\\site-packages\\_pyinstaller_hooks_contrib\\stdhooks'
461379 INFO: Processing standard module hook 'hook-ruamel.yaml.py' from 'D:\\anaconda3\\Lib\\site-packages\\_pyinstaller_hooks_contrib\\stdhooks'
464772 INFO: Processing standard module hook 'hook-anyio.py' from 'D:\\anaconda3\\Lib\\site-packages\\_pyinstaller_hooks_contrib\\stdhooks'
471761 INFO: Processing standard module hook 'hook-rich.py' from 'D:\\anaconda3\\Lib\\site-packages\\_pyinstaller_hooks_contrib\\stdhooks'
488133 INFO: Processing standard module hook 'hook-patsy.py' from 'D:\\anaconda3\\Lib\\site-packages\\_pyinstaller_hooks_contrib\\stdhooks'
491142 INFO: Processing standard module hook 'hook-statsmodels.tsa.statespace.py' from 'D:\\anaconda3\\Lib\\site-packages\\_pyinstaller_hooks_contrib\\stdhooks'
3920 INFO: NumExpr defaulting to 16 threads.
3714 INFO: NumExpr defaulting to 16 threads.
520131 INFO: Analyzing hidden import 'futures_quant.analytics'
520161 INFO: Analyzing hidden import 'futures_quant.core.event'
520168 INFO: Analyzing hidden import 'futures_quant.screening_eval'
520201 INFO: Analyzing hidden import 'futures_quant.ui.__main__'
520204 INFO: Analyzing hidden import 'futures_quant.utils'
520205 INFO: Analyzing hidden import 'futures_quant.utils.logger'
520211 INFO: Analyzing hidden import 'futures_quant.ai.evaluate'
520219 INFO: Processing module hooks (post-graph stage)...
520680 WARNING: Hidden import "charset_normalizer.md__mypyc" not found!
522005 INFO: Processing standard module hook 'hook-panel.py' from 'D:\\anaconda3\\Lib\\site-packages\\_pyinstaller_hooks_contrib\\stdhooks'
536253 INFO: Processing standard module hook 'hook-pyviz_comms.py' from 'D:\\anaconda3\\Lib\\site-packages\\_pyinstaller_hooks_contrib\\stdhooks'
539283 INFO: Processing standard module hook 'hook-markdown.py' from 'D:\\anaconda3\\Lib\\site-packages\\_pyinstaller_hooks_contrib\\stdhooks'
548577 INFO: Processing standard module hook 'hook-plotly.py' from 'D:\\anaconda3\\Lib\\site-packages\\_pyinstaller_hooks_contrib\\stdhooks'
597300 INFO: Processing standard module hook 'hook-skimage.py' from 'D:\\anaconda3\\Lib\\site-packages\\_pyinstaller_hooks_contrib\\stdhooks'
597604 INFO: Processing standard module hook 'hook-skimage.measure.py' from 'D:\\anaconda3\\Lib\\site-packages\\_pyinstaller_hooks_contrib\\stdhooks'
623523 INFO: Processing standard module hook 'hook-skimage.filters.py' from 'D:\\anaconda3\\Lib\\site-packages\\_pyinstaller_hooks_contrib\\stdhooks'
633909 INFO: Processing standard module hook 'hook-intake.py' from 'D:\\anaconda3\\Lib\\site-packages\\_pyinstaller_hooks_contrib\\stdhooks'
635496 INFO: Processing standard module hook 'hook-altair.py' from 'D:\\anaconda3\\Lib\\site-packages\\_pyinstaller_hooks_contrib\\stdhooks'
635755 INFO: Processing standard module hook 'hook-narwhals.py' from 'D:\\anaconda3\\Lib\\site-packages\\_pyinstaller_hooks_contrib\\stdhooks'
644248 INFO: Processing standard module hook 'hook-nbconvert.py' from 'D:\\anaconda3\\Lib\\site-packages\\_pyinstaller_hooks_contrib\\stdhooks'
646223 INFO: Processing standard module hook 'hook-tinycss2.py' from 'D:\\anaconda3\\Lib\\site-packages\\_pyinstaller_hooks_contrib\\stdhooks'
646358 INFO: Processing standard module hook 'hook-mistune.py' from 'D:\\anaconda3\\Lib\\site-packages\\_pyinstaller_hooks_contrib\\stdhooks'
658571 INFO: Processing standard module hook 'hook-lxml.isoschematron.py' from 'D:\\anaconda3\\Lib\\site-packages\\_pyinstaller_hooks_contrib\\stdhooks'
658588 INFO: Processing standard module hook 'hook-lxml.objectify.py' from 'D:\\anaconda3\\Lib\\site-packages\\_pyinstaller_hooks_contrib\\stdhooks'
658981 WARNING: Hidden import "notebook.services.shutdown" not found!
1104006 INFO: Processing standard module hook 'hook-zope.interface.py' from 'D:\\anaconda3\\Lib\\site-packages\\PyInstaller\\hooks'
1108546 INFO: Processing standard module hook 'hook-skimage.exposure.py' from 'D:\\anaconda3\\Lib\\site-packages\\_pyinstaller_hooks_contrib\\stdhooks'
1114522 INFO: Processing standard module hook 'hook-skimage.morphology.py' from 'D:\\anaconda3\\Lib\\site-packages\\_pyinstaller_hooks_contrib\\stdhooks'
1115426 INFO: Processing standard module hook 'hook-skimage.draw.py' from 'D:\\anaconda3\\Lib\\site-packages\\_pyinstaller_hooks_contrib\\stdhooks'
1122441 INFO: Processing standard module hook 'hook-skimage.transform.py' from 'D:\\anaconda3\\Lib\\site-packages\\_pyinstaller_hooks_contrib\\stdhooks'
1128873 INFO: Processing standard module hook 'hook-skimage.restoration.py' from 'D:\\anaconda3\\Lib\\site-packages\\_pyinstaller_hooks_contrib\\stdhooks'
1135095 INFO: Processing standard module hook 'hook-skimage.data.py' from 'D:\\anaconda3\\Lib\\site-packages\\_pyinstaller_hooks_contrib\\stdhooks'
1141184 INFO: Processing standard module hook 'hook-skimage.io.py' from 'D:\\anaconda3\\Lib\\site-packages\\_pyinstaller_hooks_contrib\\stdhooks'
1153018 INFO: Processing standard module hook 'hook-skimage.color.py' from 'D:\\anaconda3\\Lib\\site-packages\\_pyinstaller_hooks_contrib\\stdhooks'
1159197 INFO: Processing standard module hook 'hook-skimage.feature.py' from 'D:\\anaconda3\\Lib\\site-packages\\_pyinstaller_hooks_contrib\\stdhooks'
1165858 INFO: Processing standard module hook 'hook-astropy.py' from 'D:\\anaconda3\\Lib\\site-packages\\_pyinstaller_hooks_contrib\\stdhooks'
1186481 INFO: Processing standard module hook 'hook-astropy_iers_data.py' from 'D:\\anaconda3\\Lib\\site-packages\\_pyinstaller_hooks_contrib\\stdhooks'
1200580 INFO: Processing standard module hook 'hook-imageio.py' from 'D:\\anaconda3\\Lib\\site-packages\\_pyinstaller_hooks_contrib\\stdhooks'
1207292 INFO: Processing standard module hook 'hook-pywt.py' from 'D:\\anaconda3\\Lib\\site-packages\\_pyinstaller_hooks_contrib\\stdhooks'
1207844 INFO: Processing standard module hook 'hook-skimage.metrics.py' from 'D:\\anaconda3\\Lib\\site-packages\\_pyinstaller_hooks_contrib\\stdhooks'
1214613 INFO: Processing standard module hook 'hook-tinycss2.py' from 'D:\\anaconda3\\Lib\\site-packages\\_pyinstaller_hooks_contrib\\stdhooks'
1216251 INFO: Processing standard module hook 'hook-PIL.SpiderImagePlugin.py' from 'D:\\anaconda3\\Lib\\site-packages\\PyInstaller\\hooks'
1227060 INFO: Processing standard module hook 'hook-sqlalchemy.py' from 'D:\\anaconda3\\Lib\\site-packages\\PyInstaller\\hooks'
1228325 WARNING: Hidden import "MySQLdb" not found!
1229831 INFO: Processing standard module hook 'hook-nacl.py' from 'D:\\anaconda3\\Lib\\site-packages\\_pyinstaller_hooks_contrib\\stdhooks'
1255787 INFO: Processing standard module hook 'hook-tzdata.py' from 'D:\\anaconda3\\Lib\\site-packages\\_pyinstaller_hooks_contrib\\stdhooks'
1261312 INFO: Performing binary vs. data reclassification (11708 entries)
1271334 INFO: Looking for ctypes DLLs
1272471 INFO: Analyzing run-time hooks ...
1272591 INFO: Including run-time hook 'pyi_rth_pkgutil.py' from 'D:\\anaconda3\\Lib\\site-packages\\PyInstaller\\hooks\\rthooks'
1272596 INFO: Including run-time hook 'pyi_rth_inspect.py' from 'D:\\anaconda3\\Lib\\site-packages\\PyInstaller\\hooks\\rthooks'
1272602 INFO: Including run-time hook 'pyi_rth_multiprocessing.py' from 'D:\\anaconda3\\Lib\\site-packages\\PyInstaller\\hooks\\rthooks'
1272611 INFO: Including run-time hook 'pyi_rth_pkgres.py' from 'D:\\anaconda3\\Lib\\site-packages\\PyInstaller\\hooks\\rthooks'
1272625 INFO: Including run-time hook 'pyi_rth_setuptools.py' from 'D:\\anaconda3\\Lib\\site-packages\\PyInstaller\\hooks\\rthooks'
1272631 INFO: Including run-time hook 'pyi_rth_cryptography_openssl.py' from 'D:\\anaconda3\\Lib\\site-packages\\_pyinstaller_hooks_contrib\\rthooks'
1272636 INFO: Including run-time hook 'pyi_rth_pywintypes.py' from 'D:\\anaconda3\\Lib\\site-packages\\_pyinstaller_hooks_contrib\\rthooks'
1272641 INFO: Including run-time hook 'pyi_rth_pythoncom.py' from 'D:\\anaconda3\\Lib\\site-packages\\_pyinstaller_hooks_contrib\\rthooks'
1272645 INFO: Including run-time hook 'pyi_rth_traitlets.py' from 'D:\\anaconda3\\Lib\\site-packages\\_pyinstaller_hooks_contrib\\rthooks'
1272656 INFO: Including run-time hook 'pyi_rth_pyqt6.py' from 'D:\\anaconda3\\Lib\\site-packages\\PyInstaller\\hooks\\rthooks'
1272662 INFO: Processing pre-find-module-path hook 'hook-_pyi_rth_utils.py' from 'D:\\anaconda3\\Lib\\site-packages\\PyInstaller\\hooks\\pre_find_module_path'
1272668 INFO: Processing standard module hook 'hook-_pyi_rth_utils.py' from 'D:\\anaconda3\\Lib\\site-packages\\PyInstaller\\hooks'
1273677 INFO: Creating base_library.zip...
Traceback (most recent call last):
  File "<frozen runpy>", line 198, in _run_module_as_main
  File "<frozen runpy>", line 88, in _run_code
  File "D:\anaconda3\Lib\site-packages\PyInstaller\__main__.py", line 321, in <module>
    run()
    ~~~^^
  File "D:\anaconda3\Lib\site-packages\PyInstaller\__main__.py", line 215, in run
    run_build(pyi_config, spec_file, **vars(args))
    ~~~~~~~~~^^^^^^^^^^^^^^^^^^^^^^^^^^^^^^^^^^^^^
  File "D:\anaconda3\Lib\site-packages\PyInstaller\__main__.py", line 70, in run_build
    PyInstaller.building.build_main.main(pyi_config, spec_file, **kwargs)
    ~~~~~~~~~~~~~~~~~~~~~~~~~~~~~~~~~~~~^^^^^^^^^^^^^^^^^^^^^^^^^^^^^^^^^
  File "D:\anaconda3\Lib\site-packages\PyInstaller\building\build_main.py", line 1275, in main
    build(specfile, distpath, workpath, clean_build)
    ~~~~~^^^^^^^^^^^^^^^^^^^^^^^^^^^^^^^^^^^^^^^^^^^
  File "D:\anaconda3\Lib\site-packages\PyInstaller\building\build_main.py", line 1213, in build
    exec(code, spec_namespace)
    ~~~~^^^^^^^^^^^^^^^^^^^^^^
  File "futures_qt.spec", line 58, in <module>
    a = Analysis(
        ["main.py"],
    ...<15 lines>...
        noarchive=False,
    )
  File "D:\anaconda3\Lib\site-packages\PyInstaller\building\build_main.py", line 584, in __init__
    self.__postinit__()
    ~~~~~~~~~~~~~~~~~^^
  File "D:\anaconda3\Lib\site-packages\PyInstaller\building\datastruct.py", line 184, in __postinit__
    self.assemble()
    ~~~~~~~~~~~~~^^
  File "D:\anaconda3\Lib\site-packages\PyInstaller\building\build_main.py", line 939, in assemble
    create_base_library_zip(base_library_zip, base_modules_toc, code_cache)
    ~~~~~~~~~~~~~~~~~~~~~~~^^^^^^^^^^^^^^^^^^^^^^^^^^^^^^^^^^^^^^^^^^^^^^^^
  File "D:\anaconda3\Lib\site-packages\PyInstaller\building\utils.py", line 829, in create_base_library_zip
    with zipfile.ZipFile(filename, 'w') as zf:
         ~~~~~~~~~~~~~~~^^^^^^^^^^^^^^^
  File "D:\anaconda3\Lib\zipfile\__init__.py", line 1367, in __init__
    self.fp = io.open(file, filemode)
              ~~~~~~~^^^^^^^^^^^^^^^^
FileNotFoundError: [Errno 2] No such file or directory: 'D:\\PythonProject\\QuantVortex\\build\\futures_qt\\base_library.zip'
