3239 INFO: PyInstaller: 6.21.0, contrib hooks: 2026.6
3240 INFO: Python: 3.13.5 (conda)
3264 INFO: Platform: Windows-11-10.0.26200-SP0
3264 INFO: Python environment: D:\anaconda3
3607 INFO: NumExpr defaulting to 16 threads.
7968 INFO: Module search paths (PYTHONPATH):
['D:\\PythonProject\\QuantVortex',
 'C:\\Program '
 'Files\\WorkBuddy\\resources\\app.asar.unpacked\\cli\\vendor\\shim',
 'D:\\anaconda3\\python313.zip',
 'D:\\anaconda3\\DLLs',
 'D:\\anaconda3\\Lib',
 'D:\\anaconda3',
 'D:\\anaconda3\\Lib\\site-packages',
 'D:\\anaconda3\\Lib\\site-packages\\win32',
 'D:\\anaconda3\\Lib\\site-packages\\win32\\lib',
 'D:\\anaconda3\\Lib\\site-packages\\Pythonwin',
 'D:\\PythonProject\\QuantVortex']
12141 INFO: Appending 'datas' from .spec
12153 INFO: checking Analysis
12153 INFO: Building Analysis because Analysis-00.toc is non existent
12153 INFO: Looking for Python shared library...
12153 INFO: Using Python shared library: D:\anaconda3\python313.dll
12153 INFO: Running Analysis Analysis-00.toc
12153 INFO: Target bytecode optimization level: 0
12153 INFO: Initializing module dependency graph...
12154 INFO: Initializing module graph hook caches...
12195 INFO: Analyzing modules for base_library.zip ...
24888 INFO: Processing standard module hook 'hook-encodings.py' from 'D:\\anaconda3\\Lib\\site-packages\\PyInstaller\\hooks'
29144 INFO: Processing standard module hook 'hook-math.py' from 'D:\\anaconda3\\Lib\\site-packages\\PyInstaller\\hooks'
29607 INFO: Processing standard module hook 'hook-heapq.py' from 'D:\\anaconda3\\Lib\\site-packages\\PyInstaller\\hooks'
31927 INFO: Processing standard module hook 'hook-pickle.py' from 'D:\\anaconda3\\Lib\\site-packages\\PyInstaller\\hooks'
34981 INFO: Caching module dependency graph...
35092 INFO: Analyzing D:\PythonProject\QuantVortex\main.py
35129 INFO: Processing standard module hook 'hook-PyQt6.py' from 'D:\\anaconda3\\Lib\\site-packages\\PyInstaller\\hooks'
36365 INFO: Processing standard module hook 'hook-PyQt6.QtCore.py' from 'D:\\anaconda3\\Lib\\site-packages\\PyInstaller\\hooks'
42400 INFO: Processing standard module hook 'hook-PyQt6.QtGui.py' from 'D:\\anaconda3\\Lib\\site-packages\\PyInstaller\\hooks'
68154 INFO: Processing standard module hook 'hook-PyQt6.QtWidgets.py' from 'D:\\anaconda3\\Lib\\site-packages\\PyInstaller\\hooks'
73930 INFO: Processing standard module hook 'hook-PyQt6.QtSvg.py' from 'D:\\anaconda3\\Lib\\site-packages\\PyInstaller\\hooks'
76261 INFO: Processing standard module hook 'hook-numpy.py' from 'D:\\anaconda3\\Lib\\site-packages\\PyInstaller\\hooks'
76575 INFO: Processing standard module hook 'hook-_ctypes.py' from 'D:\\anaconda3\\Lib\\site-packages\\PyInstaller\\hooks'
77206 INFO: Processing standard module hook 'hook-platform.py' from 'D:\\anaconda3\\Lib\\site-packages\\PyInstaller\\hooks'
77658 INFO: Processing standard module hook 'hook-sysconfig.py' from 'D:\\anaconda3\\Lib\\site-packages\\PyInstaller\\hooks'
78449 INFO: Processing standard module hook 'hook-webbrowser.py' from 'D:\\anaconda3\\Lib\\site-packages\\PyInstaller\\hooks'
80496 INFO: Processing standard module hook 'hook-difflib.py' from 'D:\\anaconda3\\Lib\\site-packages\\PyInstaller\\hooks'
80999 INFO: Processing standard module hook 'hook-multiprocessing.util.py' from 'D:\\anaconda3\\Lib\\site-packages\\PyInstaller\\hooks'
81276 INFO: Processing standard module hook 'hook-xml.py' from 'D:\\anaconda3\\Lib\\site-packages\\PyInstaller\\hooks'
83766 INFO: Processing standard module hook 'hook-psutil.py' from 'D:\\anaconda3\\Lib\\site-packages\\_pyinstaller_hooks_contrib\\stdhooks'
86303 INFO: Processing standard module hook 'hook-charset_normalizer.py' from 'D:\\anaconda3\\Lib\\site-packages\\_pyinstaller_hooks_contrib\\stdhooks'
87182 INFO: Processing standard module hook 'hook-pandas.py' from 'D:\\anaconda3\\Lib\\site-packages\\PyInstaller\\hooks'
3558 INFO: NumExpr defaulting to 16 threads.
93049 INFO: Processing standard module hook 'hook-pytz.py' from 'D:\\anaconda3\\Lib\\site-packages\\PyInstaller\\hooks'
93700 INFO: Processing standard module hook 'hook-pyarrow.py' from 'D:\\anaconda3\\Lib\\site-packages\\_pyinstaller_hooks_contrib\\stdhooks'
98362 INFO: Processing standard module hook 'hook-fsspec.py' from 'D:\\anaconda3\\Lib\\site-packages\\_pyinstaller_hooks_contrib\\stdhooks'
102648 INFO: Processing pre-safe-import-module hook 'hook-typing_extensions.py' from 'D:\\anaconda3\\Lib\\site-packages\\PyInstaller\\hooks\\pre_safe_import_module'
102656 INFO: SetuptoolsInfo: initializing cached setuptools info...
116522 INFO: Processing standard module hook 'hook-sphinx.py' from 'D:\\anaconda3\\Lib\\site-packages\\PyInstaller\\hooks'
153738 INFO: Processing pre-safe-import-module hook 'hook-packaging.py' from 'D:\\anaconda3\\Lib\\site-packages\\PyInstaller\\hooks\\pre_safe_import_module'
154360 INFO: Processing standard module hook 'hook-docutils.py' from 'D:\\anaconda3\\Lib\\site-packages\\_pyinstaller_hooks_contrib\\stdhooks'
172244 INFO: Processing standard module hook 'hook-xml.dom.domreg.py' from 'D:\\anaconda3\\Lib\\site-packages\\PyInstaller\\hooks'
173475 INFO: Processing standard module hook 'hook-pygments.py' from 'D:\\anaconda3\\Lib\\site-packages\\PyInstaller\\hooks'
186451 INFO: Processing standard module hook 'hook-chardet.py' from 'D:\\anaconda3\\Lib\\site-packages\\_pyinstaller_hooks_contrib\\stdhooks'
188854 INFO: Processing standard module hook 'hook-jinja2.py' from 'D:\\anaconda3\\Lib\\site-packages\\_pyinstaller_hooks_contrib\\stdhooks'
190328 INFO: Processing standard module hook 'hook-babel.py' from 'D:\\anaconda3\\Lib\\site-packages\\PyInstaller\\hooks'
190879 INFO: Processing standard module hook 'hook-zoneinfo.py' from 'D:\\anaconda3\\Lib\\site-packages\\_pyinstaller_hooks_contrib\\stdhooks'
191244 INFO: Processing standard module hook 'hook-pkg_resources.py' from 'D:\\anaconda3\\Lib\\site-packages\\PyInstaller\\hooks'
195415 INFO: Processing pre-safe-import-module hook 'hook-jaraco.py' from 'D:\\anaconda3\\Lib\\site-packages\\PyInstaller\\hooks\\pre_safe_import_module'
195418 INFO: Setuptools: 'jaraco' appears to be a partial setuptools-vendored copy - extending search paths to ['D:\\anaconda3\\Lib\\site-packages\\jaraco', 'D:\\anaconda3\\Lib\\site-packages\\setuptools\\_vendor\\jaraco']!
195418 INFO: Processing pre-safe-import-module hook 'hook-jaraco.text.py' from 'D:\\anaconda3\\Lib\\site-packages\\PyInstaller\\hooks\\pre_safe_import_module'
195420 INFO: Setuptools: 'jaraco.text' appears to be a setuptools-vendored copy - creating alias to 'setuptools._vendor.jaraco.text'!
195437 INFO: Processing standard module hook 'hook-setuptools.py' from 'D:\\anaconda3\\Lib\\site-packages\\PyInstaller\\hooks'
195463 INFO: Processing pre-safe-import-module hook 'hook-distutils.py' from 'D:\\anaconda3\\Lib\\site-packages\\PyInstaller\\hooks\\pre_safe_import_module'
196137 INFO: Processing pre-safe-import-module hook 'hook-more_itertools.py' from 'D:\\anaconda3\\Lib\\site-packages\\PyInstaller\\hooks\\pre_safe_import_module'
196371 INFO: Processing pre-safe-import-module hook 'hook-importlib_metadata.py' from 'D:\\anaconda3\\Lib\\site-packages\\PyInstaller\\hooks\\pre_safe_import_module'
196428 INFO: Processing standard module hook 'hook-importlib_metadata.py' from 'D:\\anaconda3\\Lib\\site-packages\\PyInstaller\\hooks'
196488 INFO: Processing pre-safe-import-module hook 'hook-zipp.py' from 'D:\\anaconda3\\Lib\\site-packages\\PyInstaller\\hooks\\pre_safe_import_module'
196531 INFO: Processing pre-safe-import-module hook 'hook-importlib_resources.py' from 'D:\\anaconda3\\Lib\\site-packages\\PyInstaller\\hooks\\pre_safe_import_module'
196534 INFO: Setuptools: 'importlib_resources' appears to be a setuptools-vendored copy - creating alias to 'setuptools._vendor.importlib_resources'!
196779 INFO: Processing pre-safe-import-module hook 'hook-ordered_set.py' from 'D:\\anaconda3\\Lib\\site-packages\\PyInstaller\\hooks\\pre_safe_import_module'
196781 INFO: Setuptools: 'ordered_set' appears to be a setuptools-vendored copy - creating alias to 'setuptools._vendor.ordered_set'!
196822 INFO: Processing pre-safe-import-module hook 'hook-jaraco.functools.py' from 'D:\\anaconda3\\Lib\\site-packages\\PyInstaller\\hooks\\pre_safe_import_module'
197057 INFO: Processing pre-safe-import-module hook 'hook-tomli.py' from 'D:\\anaconda3\\Lib\\site-packages\\PyInstaller\\hooks\\pre_safe_import_module'
198146 INFO: Processing pre-safe-import-module hook 'hook-wheel.py' from 'D:\\anaconda3\\Lib\\site-packages\\PyInstaller\\hooks\\pre_safe_import_module'
198807 INFO: Processing standard module hook 'hook-setuptools._vendor.jaraco.text.py' from 'D:\\anaconda3\\Lib\\site-packages\\PyInstaller\\hooks'
198811 INFO: Processing pre-safe-import-module hook 'hook-jaraco.context.py' from 'D:\\anaconda3\\Lib\\site-packages\\PyInstaller\\hooks\\pre_safe_import_module'
198844 INFO: Processing pre-safe-import-module hook 'hook-backports.py' from 'D:\\anaconda3\\Lib\\site-packages\\PyInstaller\\hooks\\pre_safe_import_module'
198846 INFO: Setuptools: 'backports' appears to be a full setuptools-vendored copy - creating alias to 'setuptools._vendor.backports'!
199029 INFO: Processing pre-safe-import-module hook 'hook-platformdirs.py' from 'D:\\anaconda3\\Lib\\site-packages\\PyInstaller\\hooks\\pre_safe_import_module'
199051 INFO: Processing standard module hook 'hook-platformdirs.py' from 'D:\\anaconda3\\Lib\\site-packages\\_pyinstaller_hooks_contrib\\stdhooks'
201510 INFO: Processing standard module hook 'hook-xml.etree.cElementTree.py' from 'D:\\anaconda3\\Lib\\site-packages\\PyInstaller\\hooks'
201534 INFO: Processing standard module hook 'hook-PIL.py' from 'D:\\anaconda3\\Lib\\site-packages\\PyInstaller\\hooks'
201740 INFO: Processing standard module hook 'hook-PIL.Image.py' from 'D:\\anaconda3\\Lib\\site-packages\\PyInstaller\\hooks'
205884 INFO: Processing standard module hook 'hook-PIL.ImageFilter.py' from 'D:\\anaconda3\\Lib\\site-packages\\PyInstaller\\hooks'
212265 INFO: Processing standard module hook 'hook-numba.py' from 'D:\\anaconda3\\Lib\\site-packages\\_pyinstaller_hooks_contrib\\stdhooks'
212325 INFO: Processing standard module hook 'hook-llvmlite.py' from 'D:\\anaconda3\\Lib\\site-packages\\_pyinstaller_hooks_contrib\\stdhooks'
213003 INFO: Processing standard module hook 'hook-IPython.py' from 'D:\\anaconda3\\Lib\\site-packages\\_pyinstaller_hooks_contrib\\stdhooks'
221148 INFO: Processing standard module hook 'hook-astroid.py' from 'D:\\anaconda3\\Lib\\site-packages\\_pyinstaller_hooks_contrib\\stdhooks'
226470 INFO: Processing pre-safe-import-module hook 'hook-gi.py' from 'D:\\anaconda3\\Lib\\site-packages\\PyInstaller\\hooks\\pre_safe_import_module'
228663 INFO: Processing standard module hook 'hook-pycparser.py' from 'D:\\anaconda3\\Lib\\site-packages\\_pyinstaller_hooks_contrib\\stdhooks'
230985 INFO: Processing standard module hook 'hook-py.py' from 'D:\\anaconda3\\Lib\\site-packages\\_pyinstaller_hooks_contrib\\stdhooks'
232492 INFO: Processing standard module hook 'hook-pytest.py' from 'D:\\anaconda3\\Lib\\site-packages\\_pyinstaller_hooks_contrib\\stdhooks'
234402 INFO: Processing standard module hook 'hook-cryptography.py' from 'D:\\anaconda3\\Lib\\site-packages\\_pyinstaller_hooks_contrib\\stdhooks'
246322 INFO: hook-cryptography: cryptography uses dynamically-linked OpenSSL: 'C:\\Users\\Administrator\\.workbuddy\\vendor\\PortableGit\\mingw64\\bin\\libssl-3-x64.dll'
246995 INFO: Processing standard module hook 'hook-bcrypt.py' from 'D:\\anaconda3\\Lib\\site-packages\\_pyinstaller_hooks_contrib\\stdhooks'
247914 INFO: Processing standard module hook 'hook-wcwidth.py' from 'D:\\anaconda3\\Lib\\site-packages\\PyInstaller\\hooks'
250048 INFO: Processing standard module hook 'hook-jedi.py' from 'D:\\anaconda3\\Lib\\site-packages\\_pyinstaller_hooks_contrib\\stdhooks'
251674 INFO: Processing standard module hook 'hook-parso.py' from 'D:\\anaconda3\\Lib\\site-packages\\_pyinstaller_hooks_contrib\\stdhooks'
254957 INFO: Processing standard module hook 'hook-sqlite3.py' from 'D:\\anaconda3\\Lib\\site-packages\\PyInstaller\\hooks'
259009 INFO: Processing standard module hook 'hook-nbformat.py' from 'D:\\anaconda3\\Lib\\site-packages\\_pyinstaller_hooks_contrib\\stdhooks'
259542 INFO: Processing standard module hook 'hook-jsonschema.py' from 'D:\\anaconda3\\Lib\\site-packages\\_pyinstaller_hooks_contrib\\stdhooks'
259914 INFO: Processing standard module hook 'hook-jsonschema_specifications.py' from 'D:\\anaconda3\\Lib\\site-packages\\_pyinstaller_hooks_contrib\\stdhooks'
260074 INFO: Processing standard module hook 'hook-urllib3.py' from 'D:\\anaconda3\\Lib\\site-packages\\_pyinstaller_hooks_contrib\\stdhooks'
261218 INFO: Processing standard module hook 'hook-certifi.py' from 'D:\\anaconda3\\Lib\\site-packages\\_pyinstaller_hooks_contrib\\stdhooks'
262234 INFO: Processing standard module hook 'hook-black.py' from 'D:\\anaconda3\\Lib\\site-packages\\_pyinstaller_hooks_contrib\\stdhooks'
271581 INFO: Processing standard module hook 'hook-blib2to3.py' from 'D:\\anaconda3\\Lib\\site-packages\\_pyinstaller_hooks_contrib\\stdhooks'
276553 INFO: Processing standard module hook 'hook-yapf_third_party.py' from 'D:\\anaconda3\\Lib\\site-packages\\_pyinstaller_hooks_contrib\\stdhooks'
277517 INFO: Processing standard module hook 'hook-zmq.py' from 'D:\\anaconda3\\Lib\\site-packages\\_pyinstaller_hooks_contrib\\stdhooks'
282811 INFO: Processing standard module hook 'hook-dateutil.py' from 'D:\\anaconda3\\Lib\\site-packages\\_pyinstaller_hooks_contrib\\stdhooks'
283044 INFO: Processing pre-safe-import-module hook 'hook-six.moves.py' from 'D:\\anaconda3\\Lib\\site-packages\\PyInstaller\\hooks\\pre_safe_import_module'
285802 INFO: Processing standard module hook 'hook-shelve.py' from 'D:\\anaconda3\\Lib\\site-packages\\PyInstaller\\hooks'
285837 INFO: Processing standard module hook 'hook-cloudpickle.py' from 'D:\\anaconda3\\Lib\\site-packages\\_pyinstaller_hooks_contrib\\stdhooks'
295350 INFO: Processing pre-safe-import-module hook 'hook-win32com.py' from 'D:\\anaconda3\\Lib\\site-packages\\_pyinstaller_hooks_contrib\\pre_safe_import_module'
295735 INFO: Processing standard module hook 'hook-win32com.py' from 'D:\\anaconda3\\Lib\\site-packages\\_pyinstaller_hooks_contrib\\stdhooks'
295741 INFO: Processing standard module hook 'hook-pythoncom.py' from 'D:\\anaconda3\\Lib\\site-packages\\_pyinstaller_hooks_contrib\\stdhooks'
296120 INFO: Processing standard module hook 'hook-pywintypes.py' from 'D:\\anaconda3\\Lib\\site-packages\\_pyinstaller_hooks_contrib\\stdhooks'
300417 INFO: Processing standard module hook 'hook-pandas.io.formats.style.py' from 'D:\\anaconda3\\Lib\\site-packages\\PyInstaller\\hooks'
302805 INFO: Processing standard module hook 'hook-botocore.py' from 'D:\\anaconda3\\Lib\\site-packages\\_pyinstaller_hooks_contrib\\stdhooks'
308420 INFO: Processing standard module hook 'hook-openpyxl.py' from 'D:\\anaconda3\\Lib\\site-packages\\_pyinstaller_hooks_contrib\\stdhooks'
308636 INFO: Processing standard module hook 'hook-lxml.py' from 'D:\\anaconda3\\Lib\\site-packages\\_pyinstaller_hooks_contrib\\stdhooks'
312865 INFO: Processing standard module hook 'hook-lxml.etree.py' from 'D:\\anaconda3\\Lib\\site-packages\\_pyinstaller_hooks_contrib\\stdhooks'
315932 INFO: Processing standard module hook 'hook-pandas.plotting.py' from 'D:\\anaconda3\\Lib\\site-packages\\PyInstaller\\hooks'
318221 INFO: Processing standard module hook 'hook-tables.py' from 'D:\\anaconda3\\Lib\\site-packages\\_pyinstaller_hooks_contrib\\stdhooks'
319866 INFO: Processing standard module hook 'hook-sqlalchemy.py' from 'D:\\anaconda3\\Lib\\site-packages\\PyInstaller\\hooks'
330480 INFO: Processing standard module hook 'hook-pandas.io.clipboard.py' from 'D:\\anaconda3\\Lib\\site-packages\\PyInstaller\\hooks'
330535 INFO: Processing standard module hook 'hook-qtpy.py' from 'D:\\anaconda3\\Lib\\site-packages\\PyInstaller\\hooks'
330537 INFO: hook-qtpy: selected 'PyQt6' as Qt bindings because hook for 'PyQt6' has been run before.
331311 INFO: Processing standard module hook 'hook-PyQt6.QtOpenGL.py' from 'D:\\anaconda3\\Lib\\site-packages\\PyInstaller\\hooks'
336196 INFO: Processing standard module hook 'hook-PyQt6.QtOpenGLWidgets.py' from 'D:\\anaconda3\\Lib\\site-packages\\PyInstaller\\hooks'
342665 INFO: Processing standard module hook 'hook-distributed.py' from 'D:\\anaconda3\\Lib\\site-packages\\_pyinstaller_hooks_contrib\\stdhooks'
352096 INFO: Processing standard module hook 'hook-dask.py' from 'D:\\anaconda3\\Lib\\site-packages\\_pyinstaller_hooks_contrib\\stdhooks'
352980 INFO: Processing standard module hook 'hook-xarray.py' from 'D:\\anaconda3\\Lib\\site-packages\\_pyinstaller_hooks_contrib\\stdhooks'
354779 INFO: Processing standard module hook 'hook-lz4.py' from 'D:\\anaconda3\\Lib\\site-packages\\_pyinstaller_hooks_contrib\\stdhooks'
355480 INFO: Processing standard module hook 'hook-h5py.py' from 'D:\\anaconda3\\Lib\\site-packages\\_pyinstaller_hooks_contrib\\stdhooks'
371984 INFO: Processing standard module hook 'hook-bokeh.py' from 'D:\\anaconda3\\Lib\\site-packages\\_pyinstaller_hooks_contrib\\stdhooks'
378047 INFO: Processing standard module hook 'hook-xyzservices.py' from 'D:\\anaconda3\\Lib\\site-packages\\_pyinstaller_hooks_contrib\\stdhooks'
379514 INFO: Processing standard module hook 'hook-selenium.py' from 'D:\\anaconda3\\Lib\\site-packages\\_pyinstaller_hooks_contrib\\stdhooks'
421225 INFO: Processing standard module hook 'hook-argon2.py' from 'D:\\anaconda3\\Lib\\site-packages\\_pyinstaller_hooks_contrib\\stdhooks'
421843 INFO: Processing standard module hook 'hook-notebook.py' from 'D:\\anaconda3\\Lib\\site-packages\\_pyinstaller_hooks_contrib\\stdhooks'
425974 INFO: Processing standard module hook 'hook-jupyterlab.py' from 'D:\\anaconda3\\Lib\\site-packages\\_pyinstaller_hooks_contrib\\stdhooks'
426672 INFO: Processing standard module hook 'hook-ruamel.yaml.py' from 'D:\\anaconda3\\Lib\\site-packages\\_pyinstaller_hooks_contrib\\stdhooks'
429255 INFO: Processing standard module hook 'hook-anyio.py' from 'D:\\anaconda3\\Lib\\site-packages\\_pyinstaller_hooks_contrib\\stdhooks'
434697 INFO: Processing standard module hook 'hook-rich.py' from 'D:\\anaconda3\\Lib\\site-packages\\_pyinstaller_hooks_contrib\\stdhooks'
447504 INFO: Processing standard module hook 'hook-patsy.py' from 'D:\\anaconda3\\Lib\\site-packages\\_pyinstaller_hooks_contrib\\stdhooks'
450149 INFO: Processing standard module hook 'hook-statsmodels.tsa.statespace.py' from 'D:\\anaconda3\\Lib\\site-packages\\_pyinstaller_hooks_contrib\\stdhooks'
3517 INFO: NumExpr defaulting to 16 threads.
3476 INFO: NumExpr defaulting to 16 threads.
474752 INFO: Analyzing hidden import 'futures_quant.analytics'
474773 INFO: Analyzing hidden import 'futures_quant.core.event'
474778 INFO: Analyzing hidden import 'futures_quant.screening_eval'
474806 INFO: Analyzing hidden import 'futures_quant.ui.__main__'
474809 INFO: Analyzing hidden import 'futures_quant.utils'
474810 INFO: Analyzing hidden import 'futures_quant.utils.logger'
474814 INFO: Analyzing hidden import 'futures_quant.ai.evaluate'
474821 INFO: Processing module hooks (post-graph stage)...
475176 WARNING: Hidden import "charset_normalizer.md__mypyc" not found!
476221 INFO: Processing standard module hook 'hook-panel.py' from 'D:\\anaconda3\\Lib\\site-packages\\_pyinstaller_hooks_contrib\\stdhooks'
488682 INFO: Processing standard module hook 'hook-pyviz_comms.py' from 'D:\\anaconda3\\Lib\\site-packages\\_pyinstaller_hooks_contrib\\stdhooks'
491100 INFO: Processing standard module hook 'hook-markdown.py' from 'D:\\anaconda3\\Lib\\site-packages\\_pyinstaller_hooks_contrib\\stdhooks'
498840 INFO: Processing standard module hook 'hook-plotly.py' from 'D:\\anaconda3\\Lib\\site-packages\\_pyinstaller_hooks_contrib\\stdhooks'
540494 INFO: Processing standard module hook 'hook-skimage.py' from 'D:\\anaconda3\\Lib\\site-packages\\_pyinstaller_hooks_contrib\\stdhooks'
540769 INFO: Processing standard module hook 'hook-skimage.measure.py' from 'D:\\anaconda3\\Lib\\site-packages\\_pyinstaller_hooks_contrib\\stdhooks'
563216 INFO: Processing standard module hook 'hook-skimage.filters.py' from 'D:\\anaconda3\\Lib\\site-packages\\_pyinstaller_hooks_contrib\\stdhooks'
571902 INFO: Processing standard module hook 'hook-intake.py' from 'D:\\anaconda3\\Lib\\site-packages\\_pyinstaller_hooks_contrib\\stdhooks'
573219 INFO: Processing standard module hook 'hook-altair.py' from 'D:\\anaconda3\\Lib\\site-packages\\_pyinstaller_hooks_contrib\\stdhooks'
573436 INFO: Processing standard module hook 'hook-narwhals.py' from 'D:\\anaconda3\\Lib\\site-packages\\_pyinstaller_hooks_contrib\\stdhooks'
580257 INFO: Processing standard module hook 'hook-nbconvert.py' from 'D:\\anaconda3\\Lib\\site-packages\\_pyinstaller_hooks_contrib\\stdhooks'
581930 INFO: Processing standard module hook 'hook-tinycss2.py' from 'D:\\anaconda3\\Lib\\site-packages\\_pyinstaller_hooks_contrib\\stdhooks'
582035 INFO: Processing standard module hook 'hook-mistune.py' from 'D:\\anaconda3\\Lib\\site-packages\\_pyinstaller_hooks_contrib\\stdhooks'
591856 INFO: Processing standard module hook 'hook-lxml.isoschematron.py' from 'D:\\anaconda3\\Lib\\site-packages\\_pyinstaller_hooks_contrib\\stdhooks'
591871 INFO: Processing standard module hook 'hook-lxml.objectify.py' from 'D:\\anaconda3\\Lib\\site-packages\\_pyinstaller_hooks_contrib\\stdhooks'
592238 WARNING: Hidden import "notebook.services.shutdown" not found!
968958 INFO: Processing standard module hook 'hook-zope.interface.py' from 'D:\\anaconda3\\Lib\\site-packages\\PyInstaller\\hooks'
972742 INFO: Processing standard module hook 'hook-skimage.exposure.py' from 'D:\\anaconda3\\Lib\\site-packages\\_pyinstaller_hooks_contrib\\stdhooks'
979311 INFO: Processing standard module hook 'hook-skimage.morphology.py' from 'D:\\anaconda3\\Lib\\site-packages\\_pyinstaller_hooks_contrib\\stdhooks'
980652 INFO: Processing standard module hook 'hook-skimage.draw.py' from 'D:\\anaconda3\\Lib\\site-packages\\_pyinstaller_hooks_contrib\\stdhooks'
987220 INFO: Processing standard module hook 'hook-skimage.transform.py' from 'D:\\anaconda3\\Lib\\site-packages\\_pyinstaller_hooks_contrib\\stdhooks'
993513 INFO: Processing standard module hook 'hook-skimage.restoration.py' from 'D:\\anaconda3\\Lib\\site-packages\\_pyinstaller_hooks_contrib\\stdhooks'
999864 INFO: Processing standard module hook 'hook-skimage.data.py' from 'D:\\anaconda3\\Lib\\site-packages\\_pyinstaller_hooks_contrib\\stdhooks'
1006077 INFO: Processing standard module hook 'hook-skimage.io.py' from 'D:\\anaconda3\\Lib\\site-packages\\_pyinstaller_hooks_contrib\\stdhooks'
1016849 INFO: Processing standard module hook 'hook-skimage.color.py' from 'D:\\anaconda3\\Lib\\site-packages\\_pyinstaller_hooks_contrib\\stdhooks'
1023171 INFO: Processing standard module hook 'hook-skimage.feature.py' from 'D:\\anaconda3\\Lib\\site-packages\\_pyinstaller_hooks_contrib\\stdhooks'
1029747 INFO: Processing standard module hook 'hook-astropy.py' from 'D:\\anaconda3\\Lib\\site-packages\\_pyinstaller_hooks_contrib\\stdhooks'
1045546 INFO: Processing standard module hook 'hook-astropy_iers_data.py' from 'D:\\anaconda3\\Lib\\site-packages\\_pyinstaller_hooks_contrib\\stdhooks'
1056211 INFO: Processing standard module hook 'hook-imageio.py' from 'D:\\anaconda3\\Lib\\site-packages\\_pyinstaller_hooks_contrib\\stdhooks'
1062051 INFO: Processing standard module hook 'hook-pywt.py' from 'D:\\anaconda3\\Lib\\site-packages\\_pyinstaller_hooks_contrib\\stdhooks'
1062466 INFO: Processing standard module hook 'hook-skimage.metrics.py' from 'D:\\anaconda3\\Lib\\site-packages\\_pyinstaller_hooks_contrib\\stdhooks'
1069077 INFO: Processing standard module hook 'hook-tinycss2.py' from 'D:\\anaconda3\\Lib\\site-packages\\_pyinstaller_hooks_contrib\\stdhooks'
1070292 INFO: Processing standard module hook 'hook-PIL.SpiderImagePlugin.py' from 'D:\\anaconda3\\Lib\\site-packages\\PyInstaller\\hooks'
1078153 INFO: Processing standard module hook 'hook-sqlalchemy.py' from 'D:\\anaconda3\\Lib\\site-packages\\PyInstaller\\hooks'
1079432 WARNING: Hidden import "MySQLdb" not found!
1080590 INFO: Processing standard module hook 'hook-nacl.py' from 'D:\\anaconda3\\Lib\\site-packages\\_pyinstaller_hooks_contrib\\stdhooks'
1100905 INFO: Processing standard module hook 'hook-tzdata.py' from 'D:\\anaconda3\\Lib\\site-packages\\_pyinstaller_hooks_contrib\\stdhooks'
1106063 INFO: Performing binary vs. data reclassification (11708 entries)
1113842 INFO: Looking for ctypes DLLs
1114723 INFO: Analyzing run-time hooks ...
1114815 INFO: Including run-time hook 'pyi_rth_pkgutil.py' from 'D:\\anaconda3\\Lib\\site-packages\\PyInstaller\\hooks\\rthooks'
1114822 INFO: Including run-time hook 'pyi_rth_inspect.py' from 'D:\\anaconda3\\Lib\\site-packages\\PyInstaller\\hooks\\rthooks'
1114830 INFO: Including run-time hook 'pyi_rth_multiprocessing.py' from 'D:\\anaconda3\\Lib\\site-packages\\PyInstaller\\hooks\\rthooks'
1114837 INFO: Including run-time hook 'pyi_rth_pkgres.py' from 'D:\\anaconda3\\Lib\\site-packages\\PyInstaller\\hooks\\rthooks'
1114849 INFO: Including run-time hook 'pyi_rth_setuptools.py' from 'D:\\anaconda3\\Lib\\site-packages\\PyInstaller\\hooks\\rthooks'
1114853 INFO: Including run-time hook 'pyi_rth_cryptography_openssl.py' from 'D:\\anaconda3\\Lib\\site-packages\\_pyinstaller_hooks_contrib\\rthooks'
1114857 INFO: Including run-time hook 'pyi_rth_pywintypes.py' from 'D:\\anaconda3\\Lib\\site-packages\\_pyinstaller_hooks_contrib\\rthooks'
1114861 INFO: Including run-time hook 'pyi_rth_pythoncom.py' from 'D:\\anaconda3\\Lib\\site-packages\\_pyinstaller_hooks_contrib\\rthooks'
1114864 INFO: Including run-time hook 'pyi_rth_traitlets.py' from 'D:\\anaconda3\\Lib\\site-packages\\_pyinstaller_hooks_contrib\\rthooks'
1114872 INFO: Including run-time hook 'pyi_rth_pyqt6.py' from 'D:\\anaconda3\\Lib\\site-packages\\PyInstaller\\hooks\\rthooks'
1114879 INFO: Processing pre-find-module-path hook 'hook-_pyi_rth_utils.py' from 'D:\\anaconda3\\Lib\\site-packages\\PyInstaller\\hooks\\pre_find_module_path'
1114888 INFO: Processing standard module hook 'hook-_pyi_rth_utils.py' from 'D:\\anaconda3\\Lib\\site-packages\\PyInstaller\\hooks'
1115713 INFO: Creating base_library.zip...
1115765 INFO: Looking for dynamic libraries
0.01s - Debugger warning: It seems that frozen modules are being used, which may
0.00s - make the debugger miss breakpoints. Please pass -Xfrozen_modules=off
0.00s - to python to disable frozen modules.
0.00s - Note: Debugging will proceed. Set PYDEVD_DISABLE_FILE_VALIDATION=1 to disable this validation.
1181361 INFO: Extra DLL search directories (AddDllDirectory): ['D:\\anaconda3\\Lib\\site-packages\\PyQt6\\Qt6\\bin']
1181361 INFO: Extra DLL search directories (PATH): ['D:\\anaconda3\\Lib\\site-packages\\PyQt6\\Qt6\\bin']
1189914 WARNING: Library not found: could not resolve 'pgf90.dll', dependency of 'D:\\anaconda3\\Library\\bin\\mkl_pgi_thread.2.dll'.
1189915 WARNING: Library not found: could not resolve 'pgc.dll', dependency of 'D:\\anaconda3\\Library\\bin\\mkl_pgi_thread.2.dll'.
1189916 WARNING: Library not found: could not resolve 'pgmath.dll', dependency of 'D:\\anaconda3\\Library\\bin\\mkl_pgi_thread.2.dll'.
1189917 WARNING: Library not found: could not resolve 'sycl6.dll', dependency of 'D:\\anaconda3\\Library\\bin\\omptarget.sycl.wrap.dll'.
1189918 WARNING: Library not found: could not resolve 'impi.dll', dependency of 'D:\\anaconda3\\Library\\bin\\mkl_blacs_intelmpi_lp64.2.dll'.
1189918 WARNING: Library not found: could not resolve 'msmpi.dll', dependency of 'D:\\anaconda3\\Library\\bin\\mkl_blacs_msmpi_lp64.2.dll'.
1189921 WARNING: Library not found: could not resolve 'msmpi.dll', dependency of 'D:\\anaconda3\\Library\\bin\\mkl_blacs_msmpi_ilp64.2.dll'.
1189922 WARNING: Library not found: could not resolve 'impi.dll', dependency of 'D:\\anaconda3\\Library\\bin\\mkl_blacs_intelmpi_ilp64.2.dll'.
1189923 WARNING: Library not found: could not resolve 'ze_loader.dll', dependency of 'D:\\anaconda3\\Library\\bin\\omptarget.rtl.level0.dll'.
1190326 INFO: Warnings written to D:\PythonProject\QuantVortex\build\futures_qt\warn-futures_qt.txt
1192576 INFO: Graph cross-reference written to D:\PythonProject\QuantVortex\build\futures_qt\xref-futures_qt.html
1193609 INFO: checking PYZ
1193610 INFO: Building PYZ because PYZ-00.toc is non existent
1193610 INFO: Building PYZ (ZlibArchive) D:\PythonProject\QuantVortex\build\futures_qt\PYZ-00.pyz
1202910 INFO: Building PYZ (ZlibArchive) D:\PythonProject\QuantVortex\build\futures_qt\PYZ-00.pyz completed successfully.
1203555 INFO: checking PKG
1203555 INFO: Building PKG because PKG-00.toc is non existent
1203555 INFO: Building PKG (CArchive) FuturesQuant.pkg
1203670 INFO: Building PKG (CArchive) FuturesQuant.pkg completed successfully.
1203672 INFO: Bootloader D:\anaconda3\Lib\site-packages\PyInstaller\bootloader\Windows-64bit-intel\runw.exe
1203672 INFO: checking EXE
1203672 INFO: Building EXE because EXE-00.toc is non existent
1203672 INFO: Building EXE from EXE-00.toc
1203673 INFO: Copying bootloader EXE to D:\PythonProject\QuantVortex\build\futures_qt\FuturesQuant.exe
1204055 INFO: Copying icon to EXE
1204267 INFO: Copying 0 resources to EXE
1204267 INFO: Embedding manifest in EXE
1204479 INFO: Appending PKG archive to EXE
1204576 INFO: Fixing EXE headers
1205220 INFO: Building EXE from EXE-00.toc completed successfully.
1205391 INFO: checking COLLECT
1205391 INFO: Building COLLECT because COLLECT-00.toc is non existent
1205392 INFO: Building COLLECT COLLECT-00.toc
1234330 INFO: Building COLLECT COLLECT-00.toc completed successfully.
1234684 INFO: Build complete! The results are available in: D:\PythonProject\QuantVortex\dist
