4083 INFO: PyInstaller: 6.21.0, contrib hooks: 2026.6
4084 INFO: Python: 3.13.5 (conda)
4107 INFO: Platform: Windows-11-10.0.26200-SP0
4107 INFO: Python environment: D:\Anaconda3
5903 INFO: NumExpr defaulting to 16 threads.
12872 INFO: Module search paths (PYTHONPATH):
['d:\\PythonProject\\QuantVortex',
 'C:\\Program '
 'Files\\WorkBuddy\\resources\\app.asar.unpacked\\cli\\vendor\\shim',
 'D:\\Anaconda3\\python313.zip',
 'D:\\Anaconda3\\DLLs',
 'D:\\Anaconda3\\Lib',
 'D:\\Anaconda3',
 'D:\\Anaconda3\\Lib\\site-packages',
 'D:\\Anaconda3\\Lib\\site-packages\\win32',
 'D:\\Anaconda3\\Lib\\site-packages\\win32\\lib',
 'D:\\Anaconda3\\Lib\\site-packages\\Pythonwin',
 'd:\\PythonProject\\QuantVortex']
17039 INFO: Appending 'datas' from .spec
17042 INFO: checking Analysis
17042 INFO: Building Analysis because Analysis-00.toc is non existent
17042 INFO: Looking for Python shared library...
17043 INFO: Using Python shared library: D:\Anaconda3\python313.dll
17043 INFO: Running Analysis Analysis-00.toc
17043 INFO: Target bytecode optimization level: 0
17043 INFO: Initializing module dependency graph...
17046 INFO: Initializing module graph hook caches...
17081 INFO: Analyzing modules for base_library.zip ...
29267 INFO: Processing standard module hook 'hook-encodings.py' from 'D:\\Anaconda3\\Lib\\site-packages\\PyInstaller\\hooks'
33679 INFO: Processing standard module hook 'hook-math.py' from 'D:\\Anaconda3\\Lib\\site-packages\\PyInstaller\\hooks'
36153 INFO: Processing standard module hook 'hook-pickle.py' from 'D:\\Anaconda3\\Lib\\site-packages\\PyInstaller\\hooks'
37869 INFO: Processing standard module hook 'hook-heapq.py' from 'D:\\Anaconda3\\Lib\\site-packages\\PyInstaller\\hooks'
39019 INFO: Caching module dependency graph...
39136 INFO: Analyzing d:\PythonProject\QuantVortex\main.py
39185 INFO: Processing standard module hook 'hook-PyQt6.py' from 'D:\\Anaconda3\\Lib\\site-packages\\PyInstaller\\hooks'
40429 INFO: Processing standard module hook 'hook-PyQt6.QtCore.py' from 'D:\\Anaconda3\\Lib\\site-packages\\PyInstaller\\hooks'
46018 INFO: Processing standard module hook 'hook-PyQt6.QtGui.py' from 'D:\\Anaconda3\\Lib\\site-packages\\PyInstaller\\hooks'
68408 INFO: Processing standard module hook 'hook-PyQt6.QtWidgets.py' from 'D:\\Anaconda3\\Lib\\site-packages\\PyInstaller\\hooks'
73635 INFO: Processing standard module hook 'hook-PyQt6.QtSvg.py' from 'D:\\Anaconda3\\Lib\\site-packages\\PyInstaller\\hooks'
75772 INFO: Processing standard module hook 'hook-numpy.py' from 'D:\\Anaconda3\\Lib\\site-packages\\PyInstaller\\hooks'
76064 INFO: Processing standard module hook 'hook-_ctypes.py' from 'D:\\Anaconda3\\Lib\\site-packages\\PyInstaller\\hooks'
76667 INFO: Processing standard module hook 'hook-platform.py' from 'D:\\Anaconda3\\Lib\\site-packages\\PyInstaller\\hooks'
77094 INFO: Processing standard module hook 'hook-sysconfig.py' from 'D:\\Anaconda3\\Lib\\site-packages\\PyInstaller\\hooks'
77826 INFO: Processing standard module hook 'hook-webbrowser.py' from 'D:\\Anaconda3\\Lib\\site-packages\\PyInstaller\\hooks'
79321 INFO: Processing standard module hook 'hook-difflib.py' from 'D:\\Anaconda3\\Lib\\site-packages\\PyInstaller\\hooks'
79738 INFO: Processing standard module hook 'hook-multiprocessing.util.py' from 'D:\\Anaconda3\\Lib\\site-packages\\PyInstaller\\hooks'
79972 INFO: Processing standard module hook 'hook-xml.py' from 'D:\\Anaconda3\\Lib\\site-packages\\PyInstaller\\hooks'
81824 INFO: Processing standard module hook 'hook-psutil.py' from 'D:\\Anaconda3\\Lib\\site-packages\\_pyinstaller_hooks_contrib\\stdhooks'
84238 INFO: Processing standard module hook 'hook-charset_normalizer.py' from 'D:\\Anaconda3\\Lib\\site-packages\\_pyinstaller_hooks_contrib\\stdhooks'
85044 INFO: Processing standard module hook 'hook-pandas.py' from 'D:\\Anaconda3\\Lib\\site-packages\\PyInstaller\\hooks'
3451 INFO: NumExpr defaulting to 16 threads.
90661 INFO: Processing standard module hook 'hook-pytz.py' from 'D:\\Anaconda3\\Lib\\site-packages\\PyInstaller\\hooks'
95523 INFO: Processing standard module hook 'hook-pandas.io.formats.style.py' from 'D:\\Anaconda3\\Lib\\site-packages\\PyInstaller\\hooks'
99396 INFO: Processing standard module hook 'hook-pandas.plotting.py' from 'D:\\Anaconda3\\Lib\\site-packages\\PyInstaller\\hooks'
100321 INFO: Processing pre-safe-import-module hook 'hook-typing_extensions.py' from 'D:\\Anaconda3\\Lib\\site-packages\\PyInstaller\\hooks\\pre_safe_import_module'
100327 INFO: SetuptoolsInfo: initializing cached setuptools info...
110621 INFO: Processing standard module hook 'hook-openpyxl.py' from 'D:\\Anaconda3\\Lib\\site-packages\\_pyinstaller_hooks_contrib\\stdhooks'
110867 INFO: Processing standard module hook 'hook-lxml.py' from 'D:\\Anaconda3\\Lib\\site-packages\\_pyinstaller_hooks_contrib\\stdhooks'
114765 INFO: Processing standard module hook 'hook-lxml.etree.py' from 'D:\\Anaconda3\\Lib\\site-packages\\_pyinstaller_hooks_contrib\\stdhooks'
114939 INFO: Processing standard module hook 'hook-pkg_resources.py' from 'D:\\Anaconda3\\Lib\\site-packages\\PyInstaller\\hooks'
118822 INFO: Processing pre-safe-import-module hook 'hook-packaging.py' from 'D:\\Anaconda3\\Lib\\site-packages\\PyInstaller\\hooks\\pre_safe_import_module'
118965 INFO: Processing pre-safe-import-module hook 'hook-jaraco.py' from 'D:\\Anaconda3\\Lib\\site-packages\\PyInstaller\\hooks\\pre_safe_import_module'
118968 INFO: Setuptools: 'jaraco' appears to be a partial setuptools-vendored copy - extending search paths to ['D:\\Anaconda3\\Lib\\site-packages\\jaraco', 'D:\\Anaconda3\\Lib\\site-packages\\setuptools\\_vendor\\jaraco']!
118968 INFO: Processing pre-safe-import-module hook 'hook-jaraco.text.py' from 'D:\\Anaconda3\\Lib\\site-packages\\PyInstaller\\hooks\\pre_safe_import_module'
118970 INFO: Setuptools: 'jaraco.text' appears to be a setuptools-vendored copy - creating alias to 'setuptools._vendor.jaraco.text'!
118983 INFO: Processing standard module hook 'hook-setuptools.py' from 'D:\\Anaconda3\\Lib\\site-packages\\PyInstaller\\hooks'
119002 INFO: Processing pre-safe-import-module hook 'hook-distutils.py' from 'D:\\Anaconda3\\Lib\\site-packages\\PyInstaller\\hooks\\pre_safe_import_module'
119752 INFO: Processing pre-safe-import-module hook 'hook-more_itertools.py' from 'D:\\Anaconda3\\Lib\\site-packages\\PyInstaller\\hooks\\pre_safe_import_module'
119984 INFO: Processing pre-safe-import-module hook 'hook-importlib_metadata.py' from 'D:\\Anaconda3\\Lib\\site-packages\\PyInstaller\\hooks\\pre_safe_import_module'
120035 INFO: Processing standard module hook 'hook-importlib_metadata.py' from 'D:\\Anaconda3\\Lib\\site-packages\\PyInstaller\\hooks'
120083 INFO: Processing pre-safe-import-module hook 'hook-zipp.py' from 'D:\\Anaconda3\\Lib\\site-packages\\PyInstaller\\hooks\\pre_safe_import_module'
120120 INFO: Processing pre-safe-import-module hook 'hook-importlib_resources.py' from 'D:\\Anaconda3\\Lib\\site-packages\\PyInstaller\\hooks\\pre_safe_import_module'
120122 INFO: Setuptools: 'importlib_resources' appears to be a setuptools-vendored copy - creating alias to 'setuptools._vendor.importlib_resources'!
120309 INFO: Processing pre-safe-import-module hook 'hook-ordered_set.py' from 'D:\\Anaconda3\\Lib\\site-packages\\PyInstaller\\hooks\\pre_safe_import_module'
120311 INFO: Setuptools: 'ordered_set' appears to be a setuptools-vendored copy - creating alias to 'setuptools._vendor.ordered_set'!
120344 INFO: Processing pre-safe-import-module hook 'hook-jaraco.functools.py' from 'D:\\Anaconda3\\Lib\\site-packages\\PyInstaller\\hooks\\pre_safe_import_module'
120562 INFO: Processing pre-safe-import-module hook 'hook-tomli.py' from 'D:\\Anaconda3\\Lib\\site-packages\\PyInstaller\\hooks\\pre_safe_import_module'
121515 INFO: Processing pre-safe-import-module hook 'hook-wheel.py' from 'D:\\Anaconda3\\Lib\\site-packages\\PyInstaller\\hooks\\pre_safe_import_module'
121857 INFO: Processing standard module hook 'hook-setuptools._vendor.jaraco.text.py' from 'D:\\Anaconda3\\Lib\\site-packages\\PyInstaller\\hooks'
121860 INFO: Processing pre-safe-import-module hook 'hook-jaraco.context.py' from 'D:\\Anaconda3\\Lib\\site-packages\\PyInstaller\\hooks\\pre_safe_import_module'
121879 INFO: Processing pre-safe-import-module hook 'hook-backports.py' from 'D:\\Anaconda3\\Lib\\site-packages\\PyInstaller\\hooks\\pre_safe_import_module'
121881 INFO: Setuptools: 'backports' appears to be a full setuptools-vendored copy - creating alias to 'setuptools._vendor.backports'!
122043 INFO: Processing pre-safe-import-module hook 'hook-platformdirs.py' from 'D:\\Anaconda3\\Lib\\site-packages\\PyInstaller\\hooks\\pre_safe_import_module'
122063 INFO: Processing standard module hook 'hook-platformdirs.py' from 'D:\\Anaconda3\\Lib\\site-packages\\_pyinstaller_hooks_contrib\\stdhooks'
122162 INFO: Processing standard module hook 'hook-xml.etree.cElementTree.py' from 'D:\\Anaconda3\\Lib\\site-packages\\PyInstaller\\hooks'
122359 INFO: Processing standard module hook 'hook-xml.dom.domreg.py' from 'D:\\Anaconda3\\Lib\\site-packages\\PyInstaller\\hooks'
123767 INFO: Processing standard module hook 'hook-PIL.py' from 'D:\\Anaconda3\\Lib\\site-packages\\PyInstaller\\hooks'
123954 INFO: Processing standard module hook 'hook-PIL.Image.py' from 'D:\\Anaconda3\\Lib\\site-packages\\PyInstaller\\hooks'
127905 INFO: Processing standard module hook 'hook-PIL.ImageFilter.py' from 'D:\\Anaconda3\\Lib\\site-packages\\PyInstaller\\hooks'
131176 INFO: Processing standard module hook 'hook-sqlalchemy.py' from 'D:\\Anaconda3\\Lib\\site-packages\\PyInstaller\\hooks'
139737 INFO: Processing standard module hook 'hook-sqlite3.py' from 'D:\\Anaconda3\\Lib\\site-packages\\PyInstaller\\hooks'
143881 INFO: Processing standard module hook 'hook-pandas.io.clipboard.py' from 'D:\\Anaconda3\\Lib\\site-packages\\PyInstaller\\hooks'
143900 INFO: Processing standard module hook 'hook-qtpy.py' from 'D:\\Anaconda3\\Lib\\site-packages\\PyInstaller\\hooks'
143902 INFO: hook-qtpy: selected 'PyQt6' as Qt bindings because hook for 'PyQt6' has been run before.
144349 INFO: Processing standard module hook 'hook-PyQt6.QtOpenGL.py' from 'D:\\Anaconda3\\Lib\\site-packages\\PyInstaller\\hooks'
148523 INFO: Processing standard module hook 'hook-PyQt6.QtOpenGLWidgets.py' from 'D:\\Anaconda3\\Lib\\site-packages\\PyInstaller\\hooks'
153122 INFO: Processing standard module hook 'hook-dateutil.py' from 'D:\\Anaconda3\\Lib\\site-packages\\_pyinstaller_hooks_contrib\\stdhooks'
153431 INFO: Processing pre-safe-import-module hook 'hook-six.moves.py' from 'D:\\Anaconda3\\Lib\\site-packages\\PyInstaller\\hooks\\pre_safe_import_module'
154250 INFO: Processing standard module hook 'hook-fsspec.py' from 'D:\\Anaconda3\\Lib\\site-packages\\_pyinstaller_hooks_contrib\\stdhooks'
159329 INFO: Processing standard module hook 'hook-lz4.py' from 'D:\\Anaconda3\\Lib\\site-packages\\_pyinstaller_hooks_contrib\\stdhooks'
160835 INFO: Processing standard module hook 'hook-chardet.py' from 'D:\\Anaconda3\\Lib\\site-packages\\_pyinstaller_hooks_contrib\\stdhooks'
165461 INFO: Processing standard module hook 'hook-urllib3.py' from 'D:\\Anaconda3\\Lib\\site-packages\\_pyinstaller_hooks_contrib\\stdhooks'
166988 INFO: Processing standard module hook 'hook-certifi.py' from 'D:\\Anaconda3\\Lib\\site-packages\\_pyinstaller_hooks_contrib\\stdhooks'
168496 INFO: Processing standard module hook 'hook-jinja2.py' from 'D:\\Anaconda3\\Lib\\site-packages\\_pyinstaller_hooks_contrib\\stdhooks'
178429 INFO: Processing standard module hook 'hook-nacl.py' from 'D:\\Anaconda3\\Lib\\site-packages\\_pyinstaller_hooks_contrib\\stdhooks'
178952 INFO: Analyzing hidden import 'futures_quant.data.collect_real_samples'
178956 INFO: Analyzing hidden import 'futures_quant.ui.__main__'
178957 INFO: Analyzing hidden import 'futures_quant.utils.logger'
179653 INFO: Processing module hooks (post-graph stage)...
179653 WARNING: Hidden import "charset_normalizer.md__mypyc" not found!
182608 INFO: Processing standard module hook 'hook-lxml.isoschematron.py' from 'D:\\Anaconda3\\Lib\\site-packages\\_pyinstaller_hooks_contrib\\stdhooks'
182622 INFO: Processing standard module hook 'hook-lxml.objectify.py' from 'D:\\Anaconda3\\Lib\\site-packages\\_pyinstaller_hooks_contrib\\stdhooks'
183617 INFO: Processing standard module hook 'hook-PIL.SpiderImagePlugin.py' from 'D:\\Anaconda3\\Lib\\site-packages\\PyInstaller\\hooks'
184518 INFO: Processing standard module hook 'hook-sqlalchemy.py' from 'D:\\Anaconda3\\Lib\\site-packages\\PyInstaller\\hooks'
185432 WARNING: Hidden import "pysqlite2" not found!
185432 WARNING: Hidden import "MySQLdb" not found!
188395 INFO: Performing binary vs. data reclassification (942 entries)
188966 INFO: Looking for ctypes DLLs
189102 INFO: Analyzing run-time hooks ...
189113 INFO: Including run-time hook 'pyi_rth_inspect.py' from 'D:\\Anaconda3\\Lib\\site-packages\\PyInstaller\\hooks\\rthooks'
189121 INFO: Including run-time hook 'pyi_rth_setuptools.py' from 'D:\\Anaconda3\\Lib\\site-packages\\PyInstaller\\hooks\\rthooks'
189125 INFO: Including run-time hook 'pyi_rth_pkgutil.py' from 'D:\\Anaconda3\\Lib\\site-packages\\PyInstaller\\hooks\\rthooks'
189130 INFO: Including run-time hook 'pyi_rth_pkgres.py' from 'D:\\Anaconda3\\Lib\\site-packages\\PyInstaller\\hooks\\rthooks'
189141 INFO: Including run-time hook 'pyi_rth_multiprocessing.py' from 'D:\\Anaconda3\\Lib\\site-packages\\PyInstaller\\hooks\\rthooks'
189148 INFO: Including run-time hook 'pyi_rth_pyqt6.py' from 'D:\\Anaconda3\\Lib\\site-packages\\PyInstaller\\hooks\\rthooks'
189154 INFO: Processing pre-find-module-path hook 'hook-_pyi_rth_utils.py' from 'D:\\Anaconda3\\Lib\\site-packages\\PyInstaller\\hooks\\pre_find_module_path'
189161 INFO: Processing standard module hook 'hook-_pyi_rth_utils.py' from 'D:\\Anaconda3\\Lib\\site-packages\\PyInstaller\\hooks'
189237 INFO: Creating base_library.zip...
189267 INFO: Looking for dynamic libraries
207306 INFO: Extra DLL search directories (AddDllDirectory): ['D:\\Anaconda3\\Lib\\site-packages\\PyQt6\\Qt6\\bin']
207306 INFO: Extra DLL search directories (PATH): ['D:\\Anaconda3\\Lib\\site-packages\\PyQt6\\Qt6\\bin']
211648 WARNING: Library not found: could not resolve 'impi.dll', dependency of 'D:\\Anaconda3\\Library\\bin\\mkl_blacs_intelmpi_ilp64.2.dll'.
211649 WARNING: Library not found: could not resolve 'msmpi.dll', dependency of 'D:\\Anaconda3\\Library\\bin\\mkl_blacs_msmpi_lp64.2.dll'.
211650 WARNING: Library not found: could not resolve 'msmpi.dll', dependency of 'D:\\Anaconda3\\Library\\bin\\mkl_blacs_msmpi_ilp64.2.dll'.
211651 WARNING: Library not found: could not resolve 'impi.dll', dependency of 'D:\\Anaconda3\\Library\\bin\\mkl_blacs_intelmpi_lp64.2.dll'.
211653 WARNING: Library not found: could not resolve 'sycl6.dll', dependency of 'D:\\Anaconda3\\Library\\bin\\omptarget.sycl.wrap.dll'.
211654 WARNING: Library not found: could not resolve 'ze_loader.dll', dependency of 'D:\\Anaconda3\\Library\\bin\\omptarget.rtl.level0.dll'.
211655 WARNING: Library not found: could not resolve 'pgf90.dll', dependency of 'D:\\Anaconda3\\Library\\bin\\mkl_pgi_thread.2.dll'.
211656 WARNING: Library not found: could not resolve 'pgmath.dll', dependency of 'D:\\Anaconda3\\Library\\bin\\mkl_pgi_thread.2.dll'.
211656 WARNING: Library not found: could not resolve 'pgc.dll', dependency of 'D:\\Anaconda3\\Library\\bin\\mkl_pgi_thread.2.dll'.
211719 INFO: Warnings written to d:\PythonProject\QuantVortex\build\pyi_1786803091\futures_qt\warn-futures_qt.txt
211975 INFO: Graph cross-reference written to d:\PythonProject\QuantVortex\build\pyi_1786803091\futures_qt\xref-futures_qt.html
212083 INFO: checking PYZ
212083 INFO: Building PYZ because PYZ-00.toc is non existent
212083 INFO: Building PYZ (ZlibArchive) d:\PythonProject\QuantVortex\build\pyi_1786803091\futures_qt\PYZ-00.pyz
214010 INFO: Building PYZ (ZlibArchive) d:\PythonProject\QuantVortex\build\pyi_1786803091\futures_qt\PYZ-00.pyz completed successfully.
214073 INFO: checking PKG
214073 INFO: Building PKG because PKG-00.toc is non existent
214073 INFO: Building PKG (CArchive) FuturesQuant.pkg
214123 INFO: Building PKG (CArchive) FuturesQuant.pkg completed successfully.
214124 INFO: Bootloader D:\Anaconda3\Lib\site-packages\PyInstaller\bootloader\Windows-64bit-intel\runw.exe
214124 INFO: checking EXE
214124 INFO: Building EXE because EXE-00.toc is non existent
214124 INFO: Building EXE from EXE-00.toc
214125 INFO: Copying bootloader EXE to d:\PythonProject\QuantVortex\build\pyi_1786803091\futures_qt\FuturesQuant.exe
214495 INFO: Copying icon to EXE
214689 INFO: Copying 0 resources to EXE
214689 INFO: Embedding manifest in EXE
214892 INFO: Appending PKG archive to EXE
214913 INFO: Fixing EXE headers
215064 INFO: Building EXE from EXE-00.toc completed successfully.
215080 INFO: checking COLLECT
215080 INFO: Building COLLECT because COLLECT-00.toc is non existent
215081 INFO: Building COLLECT COLLECT-00.toc
218310 INFO: Building COLLECT COLLECT-00.toc completed successfully.
218334 INFO: Build complete! The results are available in: d:\PythonProject\QuantVortex\dist
[spec][安全] 跳过本地凭据文件，不打入产物：config/ctp_settings.json
[门禁] 构建前扫描源码树 ...
[门禁] 源码扫描通过。
[构建] 执行： D:\Anaconda3\python.exe -m PyInstaller --noconfirm --workpath d:\PythonProject\QuantVortex\build\pyi_1786803091 --distpath d:\PythonProject\QuantVortex\dist d:\PythonProject\QuantVortex\build_tools\futures_qt.spec
[产物] 主程序：存在  文件数：1160  总体积：829.9 MB
[验证] 扫描打包产物（含 exe / pyc / dll 字节级）...
[验证] 产物中无本地凭据文件混入。
[验证] 产物中无 __pycache__ 残留。
[验证] 产物扫描通过：未发现任何密钥。
[完成] 可执行文件位于：
        d:\PythonProject\QuantVortex\dist\FuturesQuant
[说明] 把整个 dist/FuturesQuant/ 目录发给用户即可；
        首次运行会自动在 exe 同级（或 AppData）生成 data/ 存放数据库与配置。
        客户端不含任何上游密钥：云端研判能力需由用户通过环境变量 QV_AGNES_API_KEY 注入，
        未注入时自动降级为本地规则合成，功能不中断。
        如需安装向导，请用 packaging/installer.iss 打包（见 packaging/分发说明.md）。
