3424 INFO: PyInstaller: 6.21.0, contrib hooks: 2026.6
3425 INFO: Python: 3.13.5 (conda)
3467 INFO: Platform: Windows-11-10.0.26200-SP0
3467 INFO: Python environment: D:\anaconda3
3471 INFO: Removing temporary files and cleaning cache in C:\Users\Administrator\AppData\Local\pyinstaller
3753 INFO: NumExpr defaulting to 16 threads.
8095 INFO: Module search paths (PYTHONPATH):
['D:\\PythonProject\\QuantVortex',
 'C:\\Program '
 'Files\\WorkBuddy\\resources\\app.asar.unpacked\\cli\\vendor\\shim',
 'D:\\anaconda3\\python313.zip',
 'D:\\anaconda3\\DLLs',
 'D:\\anaconda3\\Lib',
 'D:\\anaconda3',
 'D:\\anaconda3\\Lib\\site-packages',
 'D:\\anaconda3\\Lib\\site-packages\\win32',
 'D:\\anaconda3\\Lib\\site-packages\\win32\\lib',
 'D:\\anaconda3\\Lib\\site-packages\\Pythonwin',
 'D:\\PythonProject\\QuantVortex']
12286 INFO: Appending 'datas' from .spec
12286 INFO: checking Analysis
12287 INFO: Building Analysis because Analysis-00.toc is non existent
12287 INFO: Looking for Python shared library...
12287 INFO: Using Python shared library: D:\anaconda3\python313.dll
12287 INFO: Running Analysis Analysis-00.toc
12287 INFO: Target bytecode optimization level: 0
12287 INFO: Initializing module dependency graph...
12288 INFO: Initializing module graph hook caches...
12312 INFO: Analyzing modules for base_library.zip ...
24463 INFO: Processing standard module hook 'hook-encodings.py' from 'D:\\anaconda3\\Lib\\site-packages\\PyInstaller\\hooks'
28426 INFO: Processing standard module hook 'hook-math.py' from 'D:\\anaconda3\\Lib\\site-packages\\PyInstaller\\hooks'
30567 INFO: Processing standard module hook 'hook-pickle.py' from 'D:\\anaconda3\\Lib\\site-packages\\PyInstaller\\hooks'
32064 INFO: Processing standard module hook 'hook-heapq.py' from 'D:\\anaconda3\\Lib\\site-packages\\PyInstaller\\hooks'
32842 INFO: Caching module dependency graph...
32952 INFO: Analyzing D:\PythonProject\QuantVortex\main.py
32989 INFO: Processing standard module hook 'hook-PyQt6.py' from 'D:\\anaconda3\\Lib\\site-packages\\PyInstaller\\hooks'
34055 INFO: Processing standard module hook 'hook-PyQt6.QtCore.py' from 'D:\\anaconda3\\Lib\\site-packages\\PyInstaller\\hooks'
39912 INFO: Processing standard module hook 'hook-PyQt6.QtGui.py' from 'D:\\anaconda3\\Lib\\site-packages\\PyInstaller\\hooks'
63012 INFO: Processing standard module hook 'hook-PyQt6.QtWidgets.py' from 'D:\\anaconda3\\Lib\\site-packages\\PyInstaller\\hooks'
68208 INFO: Processing standard module hook 'hook-PyQt6.QtSvg.py' from 'D:\\anaconda3\\Lib\\site-packages\\PyInstaller\\hooks'
70059 INFO: Processing standard module hook 'hook-numpy.py' from 'D:\\anaconda3\\Lib\\site-packages\\PyInstaller\\hooks'
70283 INFO: Processing standard module hook 'hook-_ctypes.py' from 'D:\\anaconda3\\Lib\\site-packages\\PyInstaller\\hooks'
70723 INFO: Processing standard module hook 'hook-platform.py' from 'D:\\anaconda3\\Lib\\site-packages\\PyInstaller\\hooks'
71062 INFO: Processing standard module hook 'hook-sysconfig.py' from 'D:\\anaconda3\\Lib\\site-packages\\PyInstaller\\hooks'
71481 INFO: Processing standard module hook 'hook-webbrowser.py' from 'D:\\anaconda3\\Lib\\site-packages\\PyInstaller\\hooks'
72637 INFO: Processing standard module hook 'hook-difflib.py' from 'D:\\anaconda3\\Lib\\site-packages\\PyInstaller\\hooks'
72971 INFO: Processing standard module hook 'hook-multiprocessing.util.py' from 'D:\\anaconda3\\Lib\\site-packages\\PyInstaller\\hooks'
73110 INFO: Processing standard module hook 'hook-xml.py' from 'D:\\anaconda3\\Lib\\site-packages\\PyInstaller\\hooks'
74595 INFO: Processing standard module hook 'hook-psutil.py' from 'D:\\anaconda3\\Lib\\site-packages\\_pyinstaller_hooks_contrib\\stdhooks'
76422 INFO: Processing standard module hook 'hook-charset_normalizer.py' from 'D:\\anaconda3\\Lib\\site-packages\\_pyinstaller_hooks_contrib\\stdhooks'
77087 INFO: Processing standard module hook 'hook-pandas.py' from 'D:\\anaconda3\\Lib\\site-packages\\PyInstaller\\hooks'
3439 INFO: NumExpr defaulting to 16 threads.
82228 INFO: Processing standard module hook 'hook-pytz.py' from 'D:\\anaconda3\\Lib\\site-packages\\PyInstaller\\hooks'
82646 INFO: Processing standard module hook 'hook-pyarrow.py' from 'D:\\anaconda3\\Lib\\site-packages\\_pyinstaller_hooks_contrib\\stdhooks'
86808 INFO: Processing standard module hook 'hook-fsspec.py' from 'D:\\anaconda3\\Lib\\site-packages\\_pyinstaller_hooks_contrib\\stdhooks'
90693 INFO: Processing pre-safe-import-module hook 'hook-typing_extensions.py' from 'D:\\anaconda3\\Lib\\site-packages\\PyInstaller\\hooks\\pre_safe_import_module'
90695 INFO: SetuptoolsInfo: initializing cached setuptools info...
102154 INFO: Processing standard module hook 'hook-sphinx.py' from 'D:\\anaconda3\\Lib\\site-packages\\PyInstaller\\hooks'
133982 INFO: Processing pre-safe-import-module hook 'hook-packaging.py' from 'D:\\anaconda3\\Lib\\site-packages\\PyInstaller\\hooks\\pre_safe_import_module'
134501 INFO: Processing standard module hook 'hook-docutils.py' from 'D:\\anaconda3\\Lib\\site-packages\\_pyinstaller_hooks_contrib\\stdhooks'
150958 INFO: Processing standard module hook 'hook-xml.dom.domreg.py' from 'D:\\anaconda3\\Lib\\site-packages\\PyInstaller\\hooks'
151633 INFO: Processing standard module hook 'hook-pygments.py' from 'D:\\anaconda3\\Lib\\site-packages\\PyInstaller\\hooks'
163193 INFO: Processing standard module hook 'hook-chardet.py' from 'D:\\anaconda3\\Lib\\site-packages\\_pyinstaller_hooks_contrib\\stdhooks'
165052 INFO: Processing standard module hook 'hook-jinja2.py' from 'D:\\anaconda3\\Lib\\site-packages\\_pyinstaller_hooks_contrib\\stdhooks'
165841 INFO: Processing standard module hook 'hook-babel.py' from 'D:\\anaconda3\\Lib\\site-packages\\PyInstaller\\hooks'
166117 INFO: Processing standard module hook 'hook-zoneinfo.py' from 'D:\\anaconda3\\Lib\\site-packages\\_pyinstaller_hooks_contrib\\stdhooks'
166402 INFO: Processing standard module hook 'hook-pkg_resources.py' from 'D:\\anaconda3\\Lib\\site-packages\\PyInstaller\\hooks'
170499 INFO: Processing pre-safe-import-module hook 'hook-jaraco.py' from 'D:\\anaconda3\\Lib\\site-packages\\PyInstaller\\hooks\\pre_safe_import_module'
170500 INFO: Setuptools: 'jaraco' appears to be a partial setuptools-vendored copy - extending search paths to ['D:\\anaconda3\\Lib\\site-packages\\jaraco', 'D:\\anaconda3\\Lib\\site-packages\\setuptools\\_vendor\\jaraco']!
170501 INFO: Processing pre-safe-import-module hook 'hook-jaraco.text.py' from 'D:\\anaconda3\\Lib\\site-packages\\PyInstaller\\hooks\\pre_safe_import_module'
170502 INFO: Setuptools: 'jaraco.text' appears to be a setuptools-vendored copy - creating alias to 'setuptools._vendor.jaraco.text'!
170514 INFO: Processing standard module hook 'hook-setuptools.py' from 'D:\\anaconda3\\Lib\\site-packages\\PyInstaller\\hooks'
170532 INFO: Processing pre-safe-import-module hook 'hook-distutils.py' from 'D:\\anaconda3\\Lib\\site-packages\\PyInstaller\\hooks\\pre_safe_import_module'
171143 INFO: Processing pre-safe-import-module hook 'hook-more_itertools.py' from 'D:\\anaconda3\\Lib\\site-packages\\PyInstaller\\hooks\\pre_safe_import_module'
171337 INFO: Processing pre-safe-import-module hook 'hook-importlib_metadata.py' from 'D:\\anaconda3\\Lib\\site-packages\\PyInstaller\\hooks\\pre_safe_import_module'
171396 INFO: Processing standard module hook 'hook-importlib_metadata.py' from 'D:\\anaconda3\\Lib\\site-packages\\PyInstaller\\hooks'
171437 INFO: Processing pre-safe-import-module hook 'hook-zipp.py' from 'D:\\anaconda3\\Lib\\site-packages\\PyInstaller\\hooks\\pre_safe_import_module'
171472 INFO: Processing pre-safe-import-module hook 'hook-importlib_resources.py' from 'D:\\anaconda3\\Lib\\site-packages\\PyInstaller\\hooks\\pre_safe_import_module'
171473 INFO: Setuptools: 'importlib_resources' appears to be a setuptools-vendored copy - creating alias to 'setuptools._vendor.importlib_resources'!
171673 INFO: Processing pre-safe-import-module hook 'hook-ordered_set.py' from 'D:\\anaconda3\\Lib\\site-packages\\PyInstaller\\hooks\\pre_safe_import_module'
171675 INFO: Setuptools: 'ordered_set' appears to be a setuptools-vendored copy - creating alias to 'setuptools._vendor.ordered_set'!
171699 INFO: Processing pre-safe-import-module hook 'hook-jaraco.functools.py' from 'D:\\anaconda3\\Lib\\site-packages\\PyInstaller\\hooks\\pre_safe_import_module'
171931 INFO: Processing pre-safe-import-module hook 'hook-tomli.py' from 'D:\\anaconda3\\Lib\\site-packages\\PyInstaller\\hooks\\pre_safe_import_module'
172814 INFO: Processing pre-safe-import-module hook 'hook-wheel.py' from 'D:\\anaconda3\\Lib\\site-packages\\PyInstaller\\hooks\\pre_safe_import_module'
173172 INFO: Processing standard module hook 'hook-setuptools._vendor.jaraco.text.py' from 'D:\\anaconda3\\Lib\\site-packages\\PyInstaller\\hooks'
173174 INFO: Processing pre-safe-import-module hook 'hook-jaraco.context.py' from 'D:\\anaconda3\\Lib\\site-packages\\PyInstaller\\hooks\\pre_safe_import_module'
173201 INFO: Processing pre-safe-import-module hook 'hook-backports.py' from 'D:\\anaconda3\\Lib\\site-packages\\PyInstaller\\hooks\\pre_safe_import_module'
173203 INFO: Setuptools: 'backports' appears to be a full setuptools-vendored copy - creating alias to 'setuptools._vendor.backports'!
173378 INFO: Processing pre-safe-import-module hook 'hook-platformdirs.py' from 'D:\\anaconda3\\Lib\\site-packages\\PyInstaller\\hooks\\pre_safe_import_module'
173396 INFO: Processing standard module hook 'hook-platformdirs.py' from 'D:\\anaconda3\\Lib\\site-packages\\_pyinstaller_hooks_contrib\\stdhooks'
175439 INFO: Processing standard module hook 'hook-xml.etree.cElementTree.py' from 'D:\\anaconda3\\Lib\\site-packages\\PyInstaller\\hooks'
175459 INFO: Processing standard module hook 'hook-PIL.py' from 'D:\\anaconda3\\Lib\\site-packages\\PyInstaller\\hooks'
175655 INFO: Processing standard module hook 'hook-PIL.Image.py' from 'D:\\anaconda3\\Lib\\site-packages\\PyInstaller\\hooks'
179658 INFO: Processing standard module hook 'hook-PIL.ImageFilter.py' from 'D:\\anaconda3\\Lib\\site-packages\\PyInstaller\\hooks'
185107 INFO: Processing standard module hook 'hook-numba.py' from 'D:\\anaconda3\\Lib\\site-packages\\_pyinstaller_hooks_contrib\\stdhooks'
185149 INFO: Processing standard module hook 'hook-llvmlite.py' from 'D:\\anaconda3\\Lib\\site-packages\\_pyinstaller_hooks_contrib\\stdhooks'
185678 INFO: Processing standard module hook 'hook-IPython.py' from 'D:\\anaconda3\\Lib\\site-packages\\_pyinstaller_hooks_contrib\\stdhooks'
189626 INFO: Processing standard module hook 'hook-astroid.py' from 'D:\\anaconda3\\Lib\\site-packages\\_pyinstaller_hooks_contrib\\stdhooks'
194709 INFO: Processing pre-safe-import-module hook 'hook-gi.py' from 'D:\\anaconda3\\Lib\\site-packages\\PyInstaller\\hooks\\pre_safe_import_module'
196548 INFO: Processing standard module hook 'hook-pycparser.py' from 'D:\\anaconda3\\Lib\\site-packages\\_pyinstaller_hooks_contrib\\stdhooks'
198798 INFO: Processing standard module hook 'hook-py.py' from 'D:\\anaconda3\\Lib\\site-packages\\_pyinstaller_hooks_contrib\\stdhooks'
199682 INFO: Processing standard module hook 'hook-pytest.py' from 'D:\\anaconda3\\Lib\\site-packages\\_pyinstaller_hooks_contrib\\stdhooks'
201489 INFO: Processing standard module hook 'hook-cryptography.py' from 'D:\\anaconda3\\Lib\\site-packages\\_pyinstaller_hooks_contrib\\stdhooks'
212192 INFO: hook-cryptography: cryptography uses dynamically-linked OpenSSL: 'C:\\Users\\Administrator\\.workbuddy\\vendor\\PortableGit\\mingw64\\bin\\libssl-3-x64.dll'
212756 INFO: Processing standard module hook 'hook-bcrypt.py' from 'D:\\anaconda3\\Lib\\site-packages\\_pyinstaller_hooks_contrib\\stdhooks'
213465 INFO: Processing standard module hook 'hook-wcwidth.py' from 'D:\\anaconda3\\Lib\\site-packages\\PyInstaller\\hooks'
215338 INFO: Processing standard module hook 'hook-jedi.py' from 'D:\\anaconda3\\Lib\\site-packages\\_pyinstaller_hooks_contrib\\stdhooks'
216849 INFO: Processing standard module hook 'hook-parso.py' from 'D:\\anaconda3\\Lib\\site-packages\\_pyinstaller_hooks_contrib\\stdhooks'
219377 INFO: Processing standard module hook 'hook-sqlite3.py' from 'D:\\anaconda3\\Lib\\site-packages\\PyInstaller\\hooks'
223246 INFO: Processing standard module hook 'hook-nbformat.py' from 'D:\\anaconda3\\Lib\\site-packages\\_pyinstaller_hooks_contrib\\stdhooks'
223878 INFO: Processing standard module hook 'hook-jsonschema.py' from 'D:\\anaconda3\\Lib\\site-packages\\_pyinstaller_hooks_contrib\\stdhooks'
224203 INFO: Processing standard module hook 'hook-jsonschema_specifications.py' from 'D:\\anaconda3\\Lib\\site-packages\\_pyinstaller_hooks_contrib\\stdhooks'
224335 INFO: Processing standard module hook 'hook-urllib3.py' from 'D:\\anaconda3\\Lib\\site-packages\\_pyinstaller_hooks_contrib\\stdhooks'
225118 INFO: Processing standard module hook 'hook-certifi.py' from 'D:\\anaconda3\\Lib\\site-packages\\_pyinstaller_hooks_contrib\\stdhooks'
225956 INFO: Processing standard module hook 'hook-black.py' from 'D:\\anaconda3\\Lib\\site-packages\\_pyinstaller_hooks_contrib\\stdhooks'
234322 INFO: Processing standard module hook 'hook-blib2to3.py' from 'D:\\anaconda3\\Lib\\site-packages\\_pyinstaller_hooks_contrib\\stdhooks'
239018 INFO: Processing standard module hook 'hook-yapf_third_party.py' from 'D:\\anaconda3\\Lib\\site-packages\\_pyinstaller_hooks_contrib\\stdhooks'
239676 INFO: Processing standard module hook 'hook-zmq.py' from 'D:\\anaconda3\\Lib\\site-packages\\_pyinstaller_hooks_contrib\\stdhooks'
244459 INFO: Processing standard module hook 'hook-dateutil.py' from 'D:\\anaconda3\\Lib\\site-packages\\_pyinstaller_hooks_contrib\\stdhooks'
244695 INFO: Processing pre-safe-import-module hook 'hook-six.moves.py' from 'D:\\anaconda3\\Lib\\site-packages\\PyInstaller\\hooks\\pre_safe_import_module'
246613 INFO: Processing standard module hook 'hook-shelve.py' from 'D:\\anaconda3\\Lib\\site-packages\\PyInstaller\\hooks'
246640 INFO: Processing standard module hook 'hook-cloudpickle.py' from 'D:\\anaconda3\\Lib\\site-packages\\_pyinstaller_hooks_contrib\\stdhooks'
253433 INFO: Processing pre-safe-import-module hook 'hook-win32com.py' from 'D:\\anaconda3\\Lib\\site-packages\\_pyinstaller_hooks_contrib\\pre_safe_import_module'
253555 INFO: Processing standard module hook 'hook-win32com.py' from 'D:\\anaconda3\\Lib\\site-packages\\_pyinstaller_hooks_contrib\\stdhooks'
253558 INFO: Processing standard module hook 'hook-pythoncom.py' from 'D:\\anaconda3\\Lib\\site-packages\\_pyinstaller_hooks_contrib\\stdhooks'
253682 INFO: Processing standard module hook 'hook-pywintypes.py' from 'D:\\anaconda3\\Lib\\site-packages\\_pyinstaller_hooks_contrib\\stdhooks'
256477 INFO: Processing standard module hook 'hook-pandas.io.formats.style.py' from 'D:\\anaconda3\\Lib\\site-packages\\PyInstaller\\hooks'
258232 INFO: Processing standard module hook 'hook-botocore.py' from 'D:\\anaconda3\\Lib\\site-packages\\_pyinstaller_hooks_contrib\\stdhooks'
262506 INFO: Processing standard module hook 'hook-openpyxl.py' from 'D:\\anaconda3\\Lib\\site-packages\\_pyinstaller_hooks_contrib\\stdhooks'
262649 INFO: Processing standard module hook 'hook-lxml.py' from 'D:\\anaconda3\\Lib\\site-packages\\_pyinstaller_hooks_contrib\\stdhooks'
266366 INFO: Processing standard module hook 'hook-lxml.etree.py' from 'D:\\anaconda3\\Lib\\site-packages\\_pyinstaller_hooks_contrib\\stdhooks'
268493 INFO: Processing standard module hook 'hook-pandas.plotting.py' from 'D:\\anaconda3\\Lib\\site-packages\\PyInstaller\\hooks'
269864 INFO: Processing standard module hook 'hook-tables.py' from 'D:\\anaconda3\\Lib\\site-packages\\_pyinstaller_hooks_contrib\\stdhooks'
271152 INFO: Processing standard module hook 'hook-sqlalchemy.py' from 'D:\\anaconda3\\Lib\\site-packages\\PyInstaller\\hooks'
278294 INFO: Processing standard module hook 'hook-pandas.io.clipboard.py' from 'D:\\anaconda3\\Lib\\site-packages\\PyInstaller\\hooks'
278341 INFO: Processing standard module hook 'hook-qtpy.py' from 'D:\\anaconda3\\Lib\\site-packages\\PyInstaller\\hooks'
278342 INFO: hook-qtpy: selected 'PyQt6' as Qt bindings because hook for 'PyQt6' has been run before.
278783 INFO: Processing standard module hook 'hook-PyQt6.QtOpenGL.py' from 'D:\\anaconda3\\Lib\\site-packages\\PyInstaller\\hooks'
282818 INFO: Processing standard module hook 'hook-PyQt6.QtOpenGLWidgets.py' from 'D:\\anaconda3\\Lib\\site-packages\\PyInstaller\\hooks'
287628 INFO: Processing standard module hook 'hook-distributed.py' from 'D:\\anaconda3\\Lib\\site-packages\\_pyinstaller_hooks_contrib\\stdhooks'
293201 INFO: Processing standard module hook 'hook-dask.py' from 'D:\\anaconda3\\Lib\\site-packages\\_pyinstaller_hooks_contrib\\stdhooks'
293722 INFO: Processing standard module hook 'hook-xarray.py' from 'D:\\anaconda3\\Lib\\site-packages\\_pyinstaller_hooks_contrib\\stdhooks'
295151 INFO: Processing standard module hook 'hook-lz4.py' from 'D:\\anaconda3\\Lib\\site-packages\\_pyinstaller_hooks_contrib\\stdhooks'
295343 INFO: Processing standard module hook 'hook-h5py.py' from 'D:\\anaconda3\\Lib\\site-packages\\_pyinstaller_hooks_contrib\\stdhooks'
308252 INFO: Processing standard module hook 'hook-bokeh.py' from 'D:\\anaconda3\\Lib\\site-packages\\_pyinstaller_hooks_contrib\\stdhooks'
311691 INFO: Processing standard module hook 'hook-xyzservices.py' from 'D:\\anaconda3\\Lib\\site-packages\\_pyinstaller_hooks_contrib\\stdhooks'
312524 INFO: Processing standard module hook 'hook-selenium.py' from 'D:\\anaconda3\\Lib\\site-packages\\_pyinstaller_hooks_contrib\\stdhooks'
340031 INFO: Processing standard module hook 'hook-argon2.py' from 'D:\\anaconda3\\Lib\\site-packages\\_pyinstaller_hooks_contrib\\stdhooks'
340453 INFO: Processing standard module hook 'hook-notebook.py' from 'D:\\anaconda3\\Lib\\site-packages\\_pyinstaller_hooks_contrib\\stdhooks'
344191 INFO: Processing standard module hook 'hook-jupyterlab.py' from 'D:\\anaconda3\\Lib\\site-packages\\_pyinstaller_hooks_contrib\\stdhooks'
344750 INFO: Processing standard module hook 'hook-ruamel.yaml.py' from 'D:\\anaconda3\\Lib\\site-packages\\_pyinstaller_hooks_contrib\\stdhooks'
346815 INFO: Processing standard module hook 'hook-anyio.py' from 'D:\\anaconda3\\Lib\\site-packages\\_pyinstaller_hooks_contrib\\stdhooks'
351437 INFO: Processing standard module hook 'hook-rich.py' from 'D:\\anaconda3\\Lib\\site-packages\\_pyinstaller_hooks_contrib\\stdhooks'
361873 INFO: Processing standard module hook 'hook-patsy.py' from 'D:\\anaconda3\\Lib\\site-packages\\_pyinstaller_hooks_contrib\\stdhooks'
363710 INFO: Processing standard module hook 'hook-statsmodels.tsa.statespace.py' from 'D:\\anaconda3\\Lib\\site-packages\\_pyinstaller_hooks_contrib\\stdhooks'
3456 INFO: NumExpr defaulting to 16 threads.
3433 INFO: NumExpr defaulting to 16 threads.
380319 INFO: Analyzing hidden import 'futures_quant.analytics'
380336 INFO: Analyzing hidden import 'futures_quant.core.event'
380339 INFO: Analyzing hidden import 'futures_quant.screening_eval'
380364 INFO: Analyzing hidden import 'futures_quant.ui.__main__'
380365 INFO: Analyzing hidden import 'futures_quant.utils'
380366 INFO: Analyzing hidden import 'futures_quant.utils.logger'
380370 INFO: Processing module hooks (post-graph stage)...
380656 WARNING: Hidden import "charset_normalizer.md__mypyc" not found!
381342 INFO: Processing standard module hook 'hook-panel.py' from 'D:\\anaconda3\\Lib\\site-packages\\_pyinstaller_hooks_contrib\\stdhooks'
390165 INFO: Processing standard module hook 'hook-pyviz_comms.py' from 'D:\\anaconda3\\Lib\\site-packages\\_pyinstaller_hooks_contrib\\stdhooks'
392037 INFO: Processing standard module hook 'hook-markdown.py' from 'D:\\anaconda3\\Lib\\site-packages\\_pyinstaller_hooks_contrib\\stdhooks'
398022 INFO: Processing standard module hook 'hook-plotly.py' from 'D:\\anaconda3\\Lib\\site-packages\\_pyinstaller_hooks_contrib\\stdhooks'
423613 INFO: Processing standard module hook 'hook-skimage.py' from 'D:\\anaconda3\\Lib\\site-packages\\_pyinstaller_hooks_contrib\\stdhooks'
423786 INFO: Processing standard module hook 'hook-skimage.measure.py' from 'D:\\anaconda3\\Lib\\site-packages\\_pyinstaller_hooks_contrib\\stdhooks'
438238 INFO: Processing standard module hook 'hook-skimage.filters.py' from 'D:\\anaconda3\\Lib\\site-packages\\_pyinstaller_hooks_contrib\\stdhooks'
444805 INFO: Processing standard module hook 'hook-intake.py' from 'D:\\anaconda3\\Lib\\site-packages\\_pyinstaller_hooks_contrib\\stdhooks'
445952 INFO: Processing standard module hook 'hook-altair.py' from 'D:\\anaconda3\\Lib\\site-packages\\_pyinstaller_hooks_contrib\\stdhooks'
446113 INFO: Processing standard module hook 'hook-narwhals.py' from 'D:\\anaconda3\\Lib\\site-packages\\_pyinstaller_hooks_contrib\\stdhooks'
450305 INFO: Processing standard module hook 'hook-nbconvert.py' from 'D:\\anaconda3\\Lib\\site-packages\\_pyinstaller_hooks_contrib\\stdhooks'
451412 INFO: Processing standard module hook 'hook-tinycss2.py' from 'D:\\anaconda3\\Lib\\site-packages\\_pyinstaller_hooks_contrib\\stdhooks'
451515 INFO: Processing standard module hook 'hook-mistune.py' from 'D:\\anaconda3\\Lib\\site-packages\\_pyinstaller_hooks_contrib\\stdhooks'
459227 INFO: Processing standard module hook 'hook-lxml.isoschematron.py' from 'D:\\anaconda3\\Lib\\site-packages\\_pyinstaller_hooks_contrib\\stdhooks'
459238 INFO: Processing standard module hook 'hook-lxml.objectify.py' from 'D:\\anaconda3\\Lib\\site-packages\\_pyinstaller_hooks_contrib\\stdhooks'
459480 WARNING: Hidden import "notebook.services.shutdown" not found!
506535 INFO: Processing standard module hook 'hook-zope.interface.py' from 'D:\\anaconda3\\Lib\\site-packages\\PyInstaller\\hooks'
509223 INFO: Processing standard module hook 'hook-skimage.exposure.py' from 'D:\\anaconda3\\Lib\\site-packages\\_pyinstaller_hooks_contrib\\stdhooks'
513640 INFO: Processing standard module hook 'hook-skimage.morphology.py' from 'D:\\anaconda3\\Lib\\site-packages\\_pyinstaller_hooks_contrib\\stdhooks'
513929 INFO: Processing standard module hook 'hook-skimage.draw.py' from 'D:\\anaconda3\\Lib\\site-packages\\_pyinstaller_hooks_contrib\\stdhooks'
518330 INFO: Processing standard module hook 'hook-skimage.transform.py' from 'D:\\anaconda3\\Lib\\site-packages\\_pyinstaller_hooks_contrib\\stdhooks'
522556 INFO: Processing standard module hook 'hook-skimage.restoration.py' from 'D:\\anaconda3\\Lib\\site-packages\\_pyinstaller_hooks_contrib\\stdhooks'
526670 INFO: Processing standard module hook 'hook-skimage.data.py' from 'D:\\anaconda3\\Lib\\site-packages\\_pyinstaller_hooks_contrib\\stdhooks'
530682 INFO: Processing standard module hook 'hook-skimage.io.py' from 'D:\\anaconda3\\Lib\\site-packages\\_pyinstaller_hooks_contrib\\stdhooks'
539219 INFO: Processing standard module hook 'hook-skimage.color.py' from 'D:\\anaconda3\\Lib\\site-packages\\_pyinstaller_hooks_contrib\\stdhooks'
543460 INFO: Processing standard module hook 'hook-skimage.feature.py' from 'D:\\anaconda3\\Lib\\site-packages\\_pyinstaller_hooks_contrib\\stdhooks'
548117 INFO: Processing standard module hook 'hook-astropy.py' from 'D:\\anaconda3\\Lib\\site-packages\\_pyinstaller_hooks_contrib\\stdhooks'
557877 INFO: Processing standard module hook 'hook-astropy_iers_data.py' from 'D:\\anaconda3\\Lib\\site-packages\\_pyinstaller_hooks_contrib\\stdhooks'
565382 INFO: Processing standard module hook 'hook-imageio.py' from 'D:\\anaconda3\\Lib\\site-packages\\_pyinstaller_hooks_contrib\\stdhooks'
569929 INFO: Processing standard module hook 'hook-pywt.py' from 'D:\\anaconda3\\Lib\\site-packages\\_pyinstaller_hooks_contrib\\stdhooks'
570217 INFO: Processing standard module hook 'hook-skimage.metrics.py' from 'D:\\anaconda3\\Lib\\site-packages\\_pyinstaller_hooks_contrib\\stdhooks'
574596 INFO: Processing standard module hook 'hook-tinycss2.py' from 'D:\\anaconda3\\Lib\\site-packages\\_pyinstaller_hooks_contrib\\stdhooks'
575537 INFO: Processing standard module hook 'hook-PIL.SpiderImagePlugin.py' from 'D:\\anaconda3\\Lib\\site-packages\\PyInstaller\\hooks'
580505 INFO: Processing standard module hook 'hook-sqlalchemy.py' from 'D:\\anaconda3\\Lib\\site-packages\\PyInstaller\\hooks'
581230 WARNING: Hidden import "MySQLdb" not found!
581807 INFO: Processing standard module hook 'hook-nacl.py' from 'D:\\anaconda3\\Lib\\site-packages\\_pyinstaller_hooks_contrib\\stdhooks'
600045 INFO: Processing standard module hook 'hook-tzdata.py' from 'D:\\anaconda3\\Lib\\site-packages\\_pyinstaller_hooks_contrib\\stdhooks'
604151 INFO: Performing binary vs. data reclassification (11511 entries)
606348 INFO: Looking for ctypes DLLs
607229 INFO: Analyzing run-time hooks ...
607314 INFO: Including run-time hook 'pyi_rth_pkgutil.py' from 'D:\\anaconda3\\Lib\\site-packages\\PyInstaller\\hooks\\rthooks'
607318 INFO: Including run-time hook 'pyi_rth_multiprocessing.py' from 'D:\\anaconda3\\Lib\\site-packages\\PyInstaller\\hooks\\rthooks'
607322 INFO: Including run-time hook 'pyi_rth_inspect.py' from 'D:\\anaconda3\\Lib\\site-packages\\PyInstaller\\hooks\\rthooks'
607326 INFO: Including run-time hook 'pyi_rth_setuptools.py' from 'D:\\anaconda3\\Lib\\site-packages\\PyInstaller\\hooks\\rthooks'
607328 INFO: Including run-time hook 'pyi_rth_pkgres.py' from 'D:\\anaconda3\\Lib\\site-packages\\PyInstaller\\hooks\\rthooks'
607335 INFO: Including run-time hook 'pyi_rth_pywintypes.py' from 'D:\\anaconda3\\Lib\\site-packages\\_pyinstaller_hooks_contrib\\rthooks'
607337 INFO: Including run-time hook 'pyi_rth_pythoncom.py' from 'D:\\anaconda3\\Lib\\site-packages\\_pyinstaller_hooks_contrib\\rthooks'
607339 INFO: Including run-time hook 'pyi_rth_traitlets.py' from 'D:\\anaconda3\\Lib\\site-packages\\_pyinstaller_hooks_contrib\\rthooks'
607341 INFO: Including run-time hook 'pyi_rth_cryptography_openssl.py' from 'D:\\anaconda3\\Lib\\site-packages\\_pyinstaller_hooks_contrib\\rthooks'
607347 INFO: Including run-time hook 'pyi_rth_pyqt6.py' from 'D:\\anaconda3\\Lib\\site-packages\\PyInstaller\\hooks\\rthooks'
607351 INFO: Processing pre-find-module-path hook 'hook-_pyi_rth_utils.py' from 'D:\\anaconda3\\Lib\\site-packages\\PyInstaller\\hooks\\pre_find_module_path'
607353 INFO: Processing standard module hook 'hook-_pyi_rth_utils.py' from 'D:\\anaconda3\\Lib\\site-packages\\PyInstaller\\hooks'
608096 INFO: Creating base_library.zip...
608156 INFO: Looking for dynamic libraries
0.00s - Debugger warning: It seems that frozen modules are being used, which may
0.00s - make the debugger miss breakpoints. Please pass -Xfrozen_modules=off
0.00s - to python to disable frozen modules.
0.00s - Note: Debugging will proceed. Set PYDEVD_DISABLE_FILE_VALIDATION=1 to disable this validation.
633793 INFO: Extra DLL search directories (AddDllDirectory): ['D:\\anaconda3\\Lib\\site-packages\\PyQt6\\Qt6\\bin']
633793 INFO: Extra DLL search directories (PATH): ['D:\\anaconda3\\Lib\\site-packages\\PyQt6\\Qt6\\bin']
640857 WARNING: Library not found: could not resolve 'msmpi.dll', dependency of 'D:\\anaconda3\\Library\\bin\\mkl_blacs_msmpi_ilp64.2.dll'.
640860 WARNING: Library not found: could not resolve 'ze_loader.dll', dependency of 'D:\\anaconda3\\Library\\bin\\omptarget.rtl.level0.dll'.
640860 WARNING: Library not found: could not resolve 'sycl6.dll', dependency of 'D:\\anaconda3\\Library\\bin\\omptarget.sycl.wrap.dll'.
640861 WARNING: Library not found: could not resolve 'impi.dll', dependency of 'D:\\anaconda3\\Library\\bin\\mkl_blacs_intelmpi_lp64.2.dll'.
640862 WARNING: Library not found: could not resolve 'pgc.dll', dependency of 'D:\\anaconda3\\Library\\bin\\mkl_pgi_thread.2.dll'.
640863 WARNING: Library not found: could not resolve 'pgmath.dll', dependency of 'D:\\anaconda3\\Library\\bin\\mkl_pgi_thread.2.dll'.
640863 WARNING: Library not found: could not resolve 'pgf90.dll', dependency of 'D:\\anaconda3\\Library\\bin\\mkl_pgi_thread.2.dll'.
640864 WARNING: Library not found: could not resolve 'impi.dll', dependency of 'D:\\anaconda3\\Library\\bin\\mkl_blacs_intelmpi_ilp64.2.dll'.
640865 WARNING: Library not found: could not resolve 'msmpi.dll', dependency of 'D:\\anaconda3\\Library\\bin\\mkl_blacs_msmpi_lp64.2.dll'.
641598 INFO: Warnings written to D:\PythonProject\QuantVortex\build\futures_qt\warn-futures_qt.txt
643702 INFO: Graph cross-reference written to D:\PythonProject\QuantVortex\build\futures_qt\xref-futures_qt.html
644696 INFO: checking PYZ
644696 INFO: Building PYZ because PYZ-00.toc is non existent
644696 INFO: Building PYZ (ZlibArchive) D:\PythonProject\QuantVortex\build\futures_qt\PYZ-00.pyz
653563 INFO: Building PYZ (ZlibArchive) D:\PythonProject\QuantVortex\build\futures_qt\PYZ-00.pyz completed successfully.
654161 INFO: checking PKG
654161 INFO: Building PKG because PKG-00.toc is non existent
654161 INFO: Building PKG (CArchive) FuturesQuant.pkg
654251 INFO: Building PKG (CArchive) FuturesQuant.pkg completed successfully.
654253 INFO: Bootloader D:\anaconda3\Lib\site-packages\PyInstaller\bootloader\Windows-64bit-intel\runw.exe
654253 INFO: checking EXE
654253 INFO: Building EXE because EXE-00.toc is non existent
654254 INFO: Building EXE from EXE-00.toc
654254 INFO: Copying bootloader EXE to D:\PythonProject\QuantVortex\build\futures_qt\FuturesQuant.exe
654264 INFO: Copying icon to EXE
654272 INFO: Copying 0 resources to EXE
654272 INFO: Embedding manifest in EXE
654280 INFO: Appending PKG archive to EXE
654364 INFO: Fixing EXE headers
654992 INFO: Building EXE from EXE-00.toc completed successfully.
655138 INFO: checking COLLECT
655138 INFO: Building COLLECT because COLLECT-00.toc is non existent
655139 INFO: Building COLLECT COLLECT-00.toc
674512 INFO: Building COLLECT COLLECT-00.toc completed successfully.
674876 INFO: Build complete! The results are available in: D:\PythonProject\QuantVortex\dist
[构建] 执行： D:\anaconda3\python.exe -m PyInstaller --clean --noconfirm D:\PythonProject\QuantVortex\futures_qt.spec
[完成] 可执行文件位于：
        D:\PythonProject\QuantVortex\dist\FuturesQuant
[说明] 把整个 dist/FuturesQuant/ 目录发给用户即可；
        首次运行会自动在 exe 同级（或 AppData）生成 data/ 存放数据库与配置。
        如需安装向导，请用 packaging/installer.iss 打包（见 packaging/分发说明.md）。
