4221 INFO: PyInstaller: 6.21.0, contrib hooks: 2026.6
4222 INFO: Python: 3.13.5 (conda)
4245 INFO: Platform: Windows-11-10.0.26200-SP0
4246 INFO: Python environment: D:\anaconda3
4255 INFO: Removing temporary files and cleaning cache in C:\Users\Administrator\AppData\Local\pyinstaller
[safe-delete][SAFE_DELETE_FAIL_CLOSED] {"target": "D:\\PythonProject\\QuantVortex\\build\\futures_qt\\Analysis-00.toc", "reason": "windows-sandbox-recycle-bin-unavailable"}
Traceback (most recent call last):
  File "<frozen runpy>", line 198, in _run_module_as_main
  File "<frozen runpy>", line 88, in _run_code
  File "D:\anaconda3\Lib\site-packages\PyInstaller\__main__.py", line 321, in <module>
    run()
    ~~~^^
  File "D:\anaconda3\Lib\site-packages\PyInstaller\__main__.py", line 215, in run
    run_build(pyi_config, spec_file, **vars(args))
    ~~~~~~~~~^^^^^^^^^^^^^^^^^^^^^^^^^^^^^^^^^^^^^
  File "D:\anaconda3\Lib\site-packages\PyInstaller\__main__.py", line 70, in run_build
    PyInstaller.building.build_main.main(pyi_config, spec_file, **kwargs)
    ~~~~~~~~~~~~~~~~~~~~~~~~~~~~~~~~~~~~^^^^^^^^^^^^^^^^^^^^^^^^^^^^^^^^^
  File "D:\anaconda3\Lib\site-packages\PyInstaller\building\build_main.py", line 1275, in main
    build(specfile, distpath, workpath, clean_build)
    ~~~~~^^^^^^^^^^^^^^^^^^^^^^^^^^^^^^^^^^^^^^^^^^^
  File "D:\anaconda3\Lib\site-packages\PyInstaller\building\build_main.py", line 1170, in build
    os.remove(f)
    ~~~~~~~~~^^^
  File "C:\Program Files\WorkBuddy\resources\app.asar.unpacked\cli\vendor\shim\sitecustomize.py", line 508, in _safe_remove
    _try_trash(abs_path)
    ~~~~~~~~~~^^^^^^^^^^
  File "C:\Program Files\WorkBuddy\resources\app.asar.unpacked\cli\vendor\shim\sitecustomize.py", line 440, in _try_trash
    raise OSError(message)
OSError: [safe-delete][SAFE_DELETE_FAIL_CLOSED] {"target": "D:\\PythonProject\\QuantVortex\\build\\futures_qt\\Analysis-00.toc", "reason": "windows-sandbox-recycle-bin-unavailable"}
[构建] 执行： D:\anaconda3\python.exe -m PyInstaller --clean --noconfirm D:\PythonProject\QuantVortex\futures_qt.spec
[失败] PyInstaller 返回码 1；请确认已安装 pyinstaller 且环境正常。
