3271 INFO: PyInstaller: 6.21.0, contrib hooks: 2026.6
3272 INFO: Python: 3.13.5 (conda)
3320 INFO: Platform: Windows-11-10.0.26200-SP0
3320 INFO: Python environment: D:\anaconda3
3325 INFO: Removing temporary files and cleaning cache in C:\Users\Administrator\AppData\Local\pyinstaller
3624 INFO: NumExpr defaulting to 16 threads.
7900 INFO: Module search paths (PYTHONPATH):
['D:\\PythonProject\\QuantVortex',
 'C:\\Program '
 'Files\\WorkBuddy\\resources\\app.asar.unpacked\\cli\\vendor\\shim',
 'D:\\anaconda3\\python313.zip',
 'D:\\anaconda3\\DLLs',
 'D:\\anaconda3\\Lib',
 'D:\\anaconda3',
 'D:\\anaconda3\\Lib\\site-packages',
 'D:\\anaconda3\\Lib\\site-packages\\win32',
 'D:\\anaconda3\\Lib\\site-packages\\win32\\lib',
 'D:\\anaconda3\\Lib\\site-packages\\Pythonwin',
 'D:\\PythonProject\\QuantVortex']
11886 INFO: Appending 'datas' from .spec
11899 INFO: checking Analysis
11899 INFO: Building Analysis because Analysis-00.toc is non existent
11899 INFO: Looking for Python shared library...
11899 INFO: Using Python shared library: D:\anaconda3\python313.dll
11899 INFO: Running Analysis Analysis-00.toc
11899 INFO: Target bytecode optimization level: 0
11899 INFO: Initializing module dependency graph...
11901 INFO: Initializing module graph hook caches...
11927 INFO: Analyzing modules for base_library.zip ...
23507 INFO: Processing standard module hook 'hook-encodings.py' from 'D:\\anaconda3\\Lib\\site-packages\\PyInstaller\\hooks'
28290 INFO: Processing standard module hook 'hook-heapq.py' from 'D:\\anaconda3\\Lib\\site-packages\\PyInstaller\\hooks'
28731 INFO: Processing standard module hook 'hook-math.py' from 'D:\\anaconda3\\Lib\\site-packages\\PyInstaller\\hooks'
31504 INFO: Processing standard module hook 'hook-pickle.py' from 'D:\\anaconda3\\Lib\\site-packages\\PyInstaller\\hooks'
34450 INFO: Caching module dependency graph...
34557 INFO: Analyzing D:\PythonProject\QuantVortex\main.py
34603 INFO: Processing standard module hook 'hook-PyQt6.py' from 'D:\\anaconda3\\Lib\\site-packages\\PyInstaller\\hooks'
35843 INFO: Processing standard module hook 'hook-PyQt6.QtCore.py' from 'D:\\anaconda3\\Lib\\site-packages\\PyInstaller\\hooks'
42424 INFO: Processing standard module hook 'hook-PyQt6.QtGui.py' from 'D:\\anaconda3\\Lib\\site-packages\\PyInstaller\\hooks'
66700 INFO: Processing standard module hook 'hook-PyQt6.QtWidgets.py' from 'D:\\anaconda3\\Lib\\site-packages\\PyInstaller\\hooks'
72629 INFO: Processing standard module hook 'hook-PyQt6.QtSvg.py' from 'D:\\anaconda3\\Lib\\site-packages\\PyInstaller\\hooks'
74584 INFO: Processing standard module hook 'hook-numpy.py' from 'D:\\anaconda3\\Lib\\site-packages\\PyInstaller\\hooks'
74817 INFO: Processing standard module hook 'hook-_ctypes.py' from 'D:\\anaconda3\\Lib\\site-packages\\PyInstaller\\hooks'
75269 INFO: Processing standard module hook 'hook-platform.py' from 'D:\\anaconda3\\Lib\\site-packages\\PyInstaller\\hooks'
75624 INFO: Processing standard module hook 'hook-sysconfig.py' from 'D:\\anaconda3\\Lib\\site-packages\\PyInstaller\\hooks'
76055 INFO: Processing standard module hook 'hook-webbrowser.py' from 'D:\\anaconda3\\Lib\\site-packages\\PyInstaller\\hooks'
77246 INFO: Processing standard module hook 'hook-difflib.py' from 'D:\\anaconda3\\Lib\\site-packages\\PyInstaller\\hooks'
77595 INFO: Processing standard module hook 'hook-multiprocessing.util.py' from 'D:\\anaconda3\\Lib\\site-packages\\PyInstaller\\hooks'
77744 INFO: Processing standard module hook 'hook-xml.py' from 'D:\\anaconda3\\Lib\\site-packages\\PyInstaller\\hooks'
79307 INFO: Processing standard module hook 'hook-psutil.py' from 'D:\\anaconda3\\Lib\\site-packages\\_pyinstaller_hooks_contrib\\stdhooks'
81201 INFO: Processing standard module hook 'hook-charset_normalizer.py' from 'D:\\anaconda3\\Lib\\site-packages\\_pyinstaller_hooks_contrib\\stdhooks'
81884 INFO: Processing standard module hook 'hook-pandas.py' from 'D:\\anaconda3\\Lib\\site-packages\\PyInstaller\\hooks'
3623 INFO: NumExpr defaulting to 16 threads.
87371 INFO: Processing standard module hook 'hook-pytz.py' from 'D:\\anaconda3\\Lib\\site-packages\\PyInstaller\\hooks'
87816 INFO: Processing standard module hook 'hook-pyarrow.py' from 'D:\\anaconda3\\Lib\\site-packages\\_pyinstaller_hooks_contrib\\stdhooks'
92455 INFO: Processing standard module hook 'hook-fsspec.py' from 'D:\\anaconda3\\Lib\\site-packages\\_pyinstaller_hooks_contrib\\stdhooks'
96672 INFO: Processing pre-safe-import-module hook 'hook-typing_extensions.py' from 'D:\\anaconda3\\Lib\\site-packages\\PyInstaller\\hooks\\pre_safe_import_module'
96675 INFO: SetuptoolsInfo: initializing cached setuptools info...
109625 INFO: Processing standard module hook 'hook-sphinx.py' from 'D:\\anaconda3\\Lib\\site-packages\\PyInstaller\\hooks'
142461 INFO: Processing pre-safe-import-module hook 'hook-packaging.py' from 'D:\\anaconda3\\Lib\\site-packages\\PyInstaller\\hooks\\pre_safe_import_module'
143150 INFO: Processing standard module hook 'hook-docutils.py' from 'D:\\anaconda3\\Lib\\site-packages\\_pyinstaller_hooks_contrib\\stdhooks'
159387 INFO: Processing standard module hook 'hook-xml.dom.domreg.py' from 'D:\\anaconda3\\Lib\\site-packages\\PyInstaller\\hooks'
160312 INFO: Processing standard module hook 'hook-pygments.py' from 'D:\\anaconda3\\Lib\\site-packages\\PyInstaller\\hooks'
171902 INFO: Processing standard module hook 'hook-chardet.py' from 'D:\\anaconda3\\Lib\\site-packages\\_pyinstaller_hooks_contrib\\stdhooks'
173811 INFO: Processing standard module hook 'hook-jinja2.py' from 'D:\\anaconda3\\Lib\\site-packages\\_pyinstaller_hooks_contrib\\stdhooks'
174607 INFO: Processing standard module hook 'hook-babel.py' from 'D:\\anaconda3\\Lib\\site-packages\\PyInstaller\\hooks'
174904 INFO: Processing standard module hook 'hook-zoneinfo.py' from 'D:\\anaconda3\\Lib\\site-packages\\_pyinstaller_hooks_contrib\\stdhooks'
175205 INFO: Processing standard module hook 'hook-pkg_resources.py' from 'D:\\anaconda3\\Lib\\site-packages\\PyInstaller\\hooks'
179111 INFO: Processing pre-safe-import-module hook 'hook-jaraco.py' from 'D:\\anaconda3\\Lib\\site-packages\\PyInstaller\\hooks\\pre_safe_import_module'
179112 INFO: Setuptools: 'jaraco' appears to be a partial setuptools-vendored copy - extending search paths to ['D:\\anaconda3\\Lib\\site-packages\\jaraco', 'D:\\anaconda3\\Lib\\site-packages\\setuptools\\_vendor\\jaraco']!
179113 INFO: Processing pre-safe-import-module hook 'hook-jaraco.text.py' from 'D:\\anaconda3\\Lib\\site-packages\\PyInstaller\\hooks\\pre_safe_import_module'
179114 INFO: Setuptools: 'jaraco.text' appears to be a setuptools-vendored copy - creating alias to 'setuptools._vendor.jaraco.text'!
179124 INFO: Processing standard module hook 'hook-setuptools.py' from 'D:\\anaconda3\\Lib\\site-packages\\PyInstaller\\hooks'
179139 INFO: Processing pre-safe-import-module hook 'hook-distutils.py' from 'D:\\anaconda3\\Lib\\site-packages\\PyInstaller\\hooks\\pre_safe_import_module'
179628 INFO: Processing pre-safe-import-module hook 'hook-more_itertools.py' from 'D:\\anaconda3\\Lib\\site-packages\\PyInstaller\\hooks\\pre_safe_import_module'
179793 INFO: Processing pre-safe-import-module hook 'hook-importlib_metadata.py' from 'D:\\anaconda3\\Lib\\site-packages\\PyInstaller\\hooks\\pre_safe_import_module'
179837 INFO: Processing standard module hook 'hook-importlib_metadata.py' from 'D:\\anaconda3\\Lib\\site-packages\\PyInstaller\\hooks'
179875 INFO: Processing pre-safe-import-module hook 'hook-zipp.py' from 'D:\\anaconda3\\Lib\\site-packages\\PyInstaller\\hooks\\pre_safe_import_module'
179911 INFO: Processing pre-safe-import-module hook 'hook-importlib_resources.py' from 'D:\\anaconda3\\Lib\\site-packages\\PyInstaller\\hooks\\pre_safe_import_module'
179912 INFO: Setuptools: 'importlib_resources' appears to be a setuptools-vendored copy - creating alias to 'setuptools._vendor.importlib_resources'!
180087 INFO: Processing pre-safe-import-module hook 'hook-ordered_set.py' from 'D:\\anaconda3\\Lib\\site-packages\\PyInstaller\\hooks\\pre_safe_import_module'
180088 INFO: Setuptools: 'ordered_set' appears to be a setuptools-vendored copy - creating alias to 'setuptools._vendor.ordered_set'!
180113 INFO: Processing pre-safe-import-module hook 'hook-jaraco.functools.py' from 'D:\\anaconda3\\Lib\\site-packages\\PyInstaller\\hooks\\pre_safe_import_module'
180296 INFO: Processing pre-safe-import-module hook 'hook-tomli.py' from 'D:\\anaconda3\\Lib\\site-packages\\PyInstaller\\hooks\\pre_safe_import_module'
181058 INFO: Processing pre-safe-import-module hook 'hook-wheel.py' from 'D:\\anaconda3\\Lib\\site-packages\\PyInstaller\\hooks\\pre_safe_import_module'
181333 INFO: Processing standard module hook 'hook-setuptools._vendor.jaraco.text.py' from 'D:\\anaconda3\\Lib\\site-packages\\PyInstaller\\hooks'
181335 INFO: Processing pre-safe-import-module hook 'hook-jaraco.context.py' from 'D:\\anaconda3\\Lib\\site-packages\\PyInstaller\\hooks\\pre_safe_import_module'
181355 INFO: Processing pre-safe-import-module hook 'hook-backports.py' from 'D:\\anaconda3\\Lib\\site-packages\\PyInstaller\\hooks\\pre_safe_import_module'
181356 INFO: Setuptools: 'backports' appears to be a full setuptools-vendored copy - creating alias to 'setuptools._vendor.backports'!
181500 INFO: Processing pre-safe-import-module hook 'hook-platformdirs.py' from 'D:\\anaconda3\\Lib\\site-packages\\PyInstaller\\hooks\\pre_safe_import_module'
181516 INFO: Processing standard module hook 'hook-platformdirs.py' from 'D:\\anaconda3\\Lib\\site-packages\\_pyinstaller_hooks_contrib\\stdhooks'
183239 INFO: Processing standard module hook 'hook-xml.etree.cElementTree.py' from 'D:\\anaconda3\\Lib\\site-packages\\PyInstaller\\hooks'
183254 INFO: Processing standard module hook 'hook-PIL.py' from 'D:\\anaconda3\\Lib\\site-packages\\PyInstaller\\hooks'
183427 INFO: Processing standard module hook 'hook-PIL.Image.py' from 'D:\\anaconda3\\Lib\\site-packages\\PyInstaller\\hooks'
187374 INFO: Processing standard module hook 'hook-PIL.ImageFilter.py' from 'D:\\anaconda3\\Lib\\site-packages\\PyInstaller\\hooks'
191956 INFO: Processing standard module hook 'hook-numba.py' from 'D:\\anaconda3\\Lib\\site-packages\\_pyinstaller_hooks_contrib\\stdhooks'
191987 INFO: Processing standard module hook 'hook-llvmlite.py' from 'D:\\anaconda3\\Lib\\site-packages\\_pyinstaller_hooks_contrib\\stdhooks'
192448 INFO: Processing standard module hook 'hook-IPython.py' from 'D:\\anaconda3\\Lib\\site-packages\\_pyinstaller_hooks_contrib\\stdhooks'
196108 INFO: Processing standard module hook 'hook-astroid.py' from 'D:\\anaconda3\\Lib\\site-packages\\_pyinstaller_hooks_contrib\\stdhooks'
200948 INFO: Processing pre-safe-import-module hook 'hook-gi.py' from 'D:\\anaconda3\\Lib\\site-packages\\PyInstaller\\hooks\\pre_safe_import_module'
202498 INFO: Processing standard module hook 'hook-pycparser.py' from 'D:\\anaconda3\\Lib\\site-packages\\_pyinstaller_hooks_contrib\\stdhooks'
204402 INFO: Processing standard module hook 'hook-py.py' from 'D:\\anaconda3\\Lib\\site-packages\\_pyinstaller_hooks_contrib\\stdhooks'
205185 INFO: Processing standard module hook 'hook-pytest.py' from 'D:\\anaconda3\\Lib\\site-packages\\_pyinstaller_hooks_contrib\\stdhooks'
206776 INFO: Processing standard module hook 'hook-cryptography.py' from 'D:\\anaconda3\\Lib\\site-packages\\_pyinstaller_hooks_contrib\\stdhooks'
217368 INFO: hook-cryptography: cryptography uses dynamically-linked OpenSSL: 'C:\\Users\\Administrator\\.workbuddy\\vendor\\PortableGit\\mingw64\\bin\\libssl-3-x64.dll'
217873 INFO: Processing standard module hook 'hook-bcrypt.py' from 'D:\\anaconda3\\Lib\\site-packages\\_pyinstaller_hooks_contrib\\stdhooks'
218518 INFO: Processing standard module hook 'hook-wcwidth.py' from 'D:\\anaconda3\\Lib\\site-packages\\PyInstaller\\hooks'
220116 INFO: Processing standard module hook 'hook-jedi.py' from 'D:\\anaconda3\\Lib\\site-packages\\_pyinstaller_hooks_contrib\\stdhooks'
221409 INFO: Processing standard module hook 'hook-parso.py' from 'D:\\anaconda3\\Lib\\site-packages\\_pyinstaller_hooks_contrib\\stdhooks'
223461 INFO: Processing standard module hook 'hook-sqlite3.py' from 'D:\\anaconda3\\Lib\\site-packages\\PyInstaller\\hooks'
227215 INFO: Processing standard module hook 'hook-nbformat.py' from 'D:\\anaconda3\\Lib\\site-packages\\_pyinstaller_hooks_contrib\\stdhooks'
227778 INFO: Processing standard module hook 'hook-jsonschema.py' from 'D:\\anaconda3\\Lib\\site-packages\\_pyinstaller_hooks_contrib\\stdhooks'
228081 INFO: Processing standard module hook 'hook-jsonschema_specifications.py' from 'D:\\anaconda3\\Lib\\site-packages\\_pyinstaller_hooks_contrib\\stdhooks'
228207 INFO: Processing standard module hook 'hook-urllib3.py' from 'D:\\anaconda3\\Lib\\site-packages\\_pyinstaller_hooks_contrib\\stdhooks'
228857 INFO: Processing standard module hook 'hook-certifi.py' from 'D:\\anaconda3\\Lib\\site-packages\\_pyinstaller_hooks_contrib\\stdhooks'
229518 INFO: Processing standard module hook 'hook-black.py' from 'D:\\anaconda3\\Lib\\site-packages\\_pyinstaller_hooks_contrib\\stdhooks'
237761 INFO: Processing standard module hook 'hook-blib2to3.py' from 'D:\\anaconda3\\Lib\\site-packages\\_pyinstaller_hooks_contrib\\stdhooks'
241910 INFO: Processing standard module hook 'hook-yapf_third_party.py' from 'D:\\anaconda3\\Lib\\site-packages\\_pyinstaller_hooks_contrib\\stdhooks'
242675 INFO: Processing standard module hook 'hook-zmq.py' from 'D:\\anaconda3\\Lib\\site-packages\\_pyinstaller_hooks_contrib\\stdhooks'
247074 INFO: Processing standard module hook 'hook-dateutil.py' from 'D:\\anaconda3\\Lib\\site-packages\\_pyinstaller_hooks_contrib\\stdhooks'
247267 INFO: Processing pre-safe-import-module hook 'hook-six.moves.py' from 'D:\\anaconda3\\Lib\\site-packages\\PyInstaller\\hooks\\pre_safe_import_module'
249144 INFO: Processing standard module hook 'hook-shelve.py' from 'D:\\anaconda3\\Lib\\site-packages\\PyInstaller\\hooks'
249170 INFO: Processing standard module hook 'hook-cloudpickle.py' from 'D:\\anaconda3\\Lib\\site-packages\\_pyinstaller_hooks_contrib\\stdhooks'
255779 INFO: Processing pre-safe-import-module hook 'hook-win32com.py' from 'D:\\anaconda3\\Lib\\site-packages\\_pyinstaller_hooks_contrib\\pre_safe_import_module'
255899 INFO: Processing standard module hook 'hook-win32com.py' from 'D:\\anaconda3\\Lib\\site-packages\\_pyinstaller_hooks_contrib\\stdhooks'
255902 INFO: Processing standard module hook 'hook-pythoncom.py' from 'D:\\anaconda3\\Lib\\site-packages\\_pyinstaller_hooks_contrib\\stdhooks'
256029 INFO: Processing standard module hook 'hook-pywintypes.py' from 'D:\\anaconda3\\Lib\\site-packages\\_pyinstaller_hooks_contrib\\stdhooks'
258719 INFO: Processing standard module hook 'hook-pandas.io.formats.style.py' from 'D:\\anaconda3\\Lib\\site-packages\\PyInstaller\\hooks'
260294 INFO: Processing standard module hook 'hook-botocore.py' from 'D:\\anaconda3\\Lib\\site-packages\\_pyinstaller_hooks_contrib\\stdhooks'
264124 INFO: Processing standard module hook 'hook-openpyxl.py' from 'D:\\anaconda3\\Lib\\site-packages\\_pyinstaller_hooks_contrib\\stdhooks'
264257 INFO: Processing standard module hook 'hook-lxml.py' from 'D:\\anaconda3\\Lib\\site-packages\\_pyinstaller_hooks_contrib\\stdhooks'
267936 INFO: Processing standard module hook 'hook-lxml.etree.py' from 'D:\\anaconda3\\Lib\\site-packages\\_pyinstaller_hooks_contrib\\stdhooks'
270207 INFO: Processing standard module hook 'hook-pandas.plotting.py' from 'D:\\anaconda3\\Lib\\site-packages\\PyInstaller\\hooks'
271628 INFO: Processing standard module hook 'hook-tables.py' from 'D:\\anaconda3\\Lib\\site-packages\\_pyinstaller_hooks_contrib\\stdhooks'
272931 INFO: Processing standard module hook 'hook-sqlalchemy.py' from 'D:\\anaconda3\\Lib\\site-packages\\PyInstaller\\hooks'
279474 INFO: Processing standard module hook 'hook-pandas.io.clipboard.py' from 'D:\\anaconda3\\Lib\\site-packages\\PyInstaller\\hooks'
279518 INFO: Processing standard module hook 'hook-qtpy.py' from 'D:\\anaconda3\\Lib\\site-packages\\PyInstaller\\hooks'
279519 INFO: hook-qtpy: selected 'PyQt6' as Qt bindings because hook for 'PyQt6' has been run before.
279944 INFO: Processing standard module hook 'hook-PyQt6.QtOpenGL.py' from 'D:\\anaconda3\\Lib\\site-packages\\PyInstaller\\hooks'
283836 INFO: Processing standard module hook 'hook-PyQt6.QtOpenGLWidgets.py' from 'D:\\anaconda3\\Lib\\site-packages\\PyInstaller\\hooks'
288420 INFO: Processing standard module hook 'hook-distributed.py' from 'D:\\anaconda3\\Lib\\site-packages\\_pyinstaller_hooks_contrib\\stdhooks'
293788 INFO: Processing standard module hook 'hook-dask.py' from 'D:\\anaconda3\\Lib\\site-packages\\_pyinstaller_hooks_contrib\\stdhooks'
294285 INFO: Processing standard module hook 'hook-xarray.py' from 'D:\\anaconda3\\Lib\\site-packages\\_pyinstaller_hooks_contrib\\stdhooks'
295629 INFO: Processing standard module hook 'hook-lz4.py' from 'D:\\anaconda3\\Lib\\site-packages\\_pyinstaller_hooks_contrib\\stdhooks'
295812 INFO: Processing standard module hook 'hook-h5py.py' from 'D:\\anaconda3\\Lib\\site-packages\\_pyinstaller_hooks_contrib\\stdhooks'
307825 INFO: Processing standard module hook 'hook-bokeh.py' from 'D:\\anaconda3\\Lib\\site-packages\\_pyinstaller_hooks_contrib\\stdhooks'
311364 INFO: Processing standard module hook 'hook-xyzservices.py' from 'D:\\anaconda3\\Lib\\site-packages\\_pyinstaller_hooks_contrib\\stdhooks'
312177 INFO: Processing standard module hook 'hook-selenium.py' from 'D:\\anaconda3\\Lib\\site-packages\\_pyinstaller_hooks_contrib\\stdhooks'
339233 INFO: Processing standard module hook 'hook-argon2.py' from 'D:\\anaconda3\\Lib\\site-packages\\_pyinstaller_hooks_contrib\\stdhooks'
339677 INFO: Processing standard module hook 'hook-notebook.py' from 'D:\\anaconda3\\Lib\\site-packages\\_pyinstaller_hooks_contrib\\stdhooks'
343431 INFO: Processing standard module hook 'hook-jupyterlab.py' from 'D:\\anaconda3\\Lib\\site-packages\\_pyinstaller_hooks_contrib\\stdhooks'
344058 INFO: Processing standard module hook 'hook-ruamel.yaml.py' from 'D:\\anaconda3\\Lib\\site-packages\\_pyinstaller_hooks_contrib\\stdhooks'
345972 INFO: Processing standard module hook 'hook-anyio.py' from 'D:\\anaconda3\\Lib\\site-packages\\_pyinstaller_hooks_contrib\\stdhooks'
350437 INFO: Processing standard module hook 'hook-rich.py' from 'D:\\anaconda3\\Lib\\site-packages\\_pyinstaller_hooks_contrib\\stdhooks'
360232 INFO: Processing standard module hook 'hook-patsy.py' from 'D:\\anaconda3\\Lib\\site-packages\\_pyinstaller_hooks_contrib\\stdhooks'
362118 INFO: Processing standard module hook 'hook-statsmodels.tsa.statespace.py' from 'D:\\anaconda3\\Lib\\site-packages\\_pyinstaller_hooks_contrib\\stdhooks'
3452 INFO: NumExpr defaulting to 16 threads.
3403 INFO: NumExpr defaulting to 16 threads.
378747 INFO: Analyzing hidden import 'futures_quant.analytics'
378763 INFO: Analyzing hidden import 'futures_quant.core.event'
378767 INFO: Analyzing hidden import 'futures_quant.screening_eval'
378791 INFO: Analyzing hidden import 'futures_quant.ui.__main__'
378793 INFO: Analyzing hidden import 'futures_quant.utils'
378794 INFO: Analyzing hidden import 'futures_quant.utils.logger'
378797 INFO: Processing module hooks (post-graph stage)...
379084 WARNING: Hidden import "charset_normalizer.md__mypyc" not found!
379803 INFO: Processing standard module hook 'hook-panel.py' from 'D:\\anaconda3\\Lib\\site-packages\\_pyinstaller_hooks_contrib\\stdhooks'
388452 INFO: Processing standard module hook 'hook-pyviz_comms.py' from 'D:\\anaconda3\\Lib\\site-packages\\_pyinstaller_hooks_contrib\\stdhooks'
390329 INFO: Processing standard module hook 'hook-markdown.py' from 'D:\\anaconda3\\Lib\\site-packages\\_pyinstaller_hooks_contrib\\stdhooks'
396556 INFO: Processing standard module hook 'hook-plotly.py' from 'D:\\anaconda3\\Lib\\site-packages\\_pyinstaller_hooks_contrib\\stdhooks'
420733 INFO: Processing standard module hook 'hook-skimage.py' from 'D:\\anaconda3\\Lib\\site-packages\\_pyinstaller_hooks_contrib\\stdhooks'
420921 INFO: Processing standard module hook 'hook-skimage.measure.py' from 'D:\\anaconda3\\Lib\\site-packages\\_pyinstaller_hooks_contrib\\stdhooks'
435227 INFO: Processing standard module hook 'hook-skimage.filters.py' from 'D:\\anaconda3\\Lib\\site-packages\\_pyinstaller_hooks_contrib\\stdhooks'
441807 INFO: Processing standard module hook 'hook-intake.py' from 'D:\\anaconda3\\Lib\\site-packages\\_pyinstaller_hooks_contrib\\stdhooks'
442790 INFO: Processing standard module hook 'hook-altair.py' from 'D:\\anaconda3\\Lib\\site-packages\\_pyinstaller_hooks_contrib\\stdhooks'
442943 INFO: Processing standard module hook 'hook-narwhals.py' from 'D:\\anaconda3\\Lib\\site-packages\\_pyinstaller_hooks_contrib\\stdhooks'
447029 INFO: Processing standard module hook 'hook-nbconvert.py' from 'D:\\anaconda3\\Lib\\site-packages\\_pyinstaller_hooks_contrib\\stdhooks'
448219 INFO: Processing standard module hook 'hook-tinycss2.py' from 'D:\\anaconda3\\Lib\\site-packages\\_pyinstaller_hooks_contrib\\stdhooks'
448307 INFO: Processing standard module hook 'hook-mistune.py' from 'D:\\anaconda3\\Lib\\site-packages\\_pyinstaller_hooks_contrib\\stdhooks'
455942 INFO: Processing standard module hook 'hook-lxml.isoschematron.py' from 'D:\\anaconda3\\Lib\\site-packages\\_pyinstaller_hooks_contrib\\stdhooks'
455953 INFO: Processing standard module hook 'hook-lxml.objectify.py' from 'D:\\anaconda3\\Lib\\site-packages\\_pyinstaller_hooks_contrib\\stdhooks'
456196 WARNING: Hidden import "notebook.services.shutdown" not found!
498238 INFO: Processing standard module hook 'hook-zope.interface.py' from 'D:\\anaconda3\\Lib\\site-packages\\PyInstaller\\hooks'
500891 INFO: Processing standard module hook 'hook-skimage.exposure.py' from 'D:\\anaconda3\\Lib\\site-packages\\_pyinstaller_hooks_contrib\\stdhooks'
504974 INFO: Processing standard module hook 'hook-skimage.morphology.py' from 'D:\\anaconda3\\Lib\\site-packages\\_pyinstaller_hooks_contrib\\stdhooks'
505228 INFO: Processing standard module hook 'hook-skimage.draw.py' from 'D:\\anaconda3\\Lib\\site-packages\\_pyinstaller_hooks_contrib\\stdhooks'
509279 INFO: Processing standard module hook 'hook-skimage.transform.py' from 'D:\\anaconda3\\Lib\\site-packages\\_pyinstaller_hooks_contrib\\stdhooks'
513150 INFO: Processing standard module hook 'hook-skimage.restoration.py' from 'D:\\anaconda3\\Lib\\site-packages\\_pyinstaller_hooks_contrib\\stdhooks'
517093 INFO: Processing standard module hook 'hook-skimage.data.py' from 'D:\\anaconda3\\Lib\\site-packages\\_pyinstaller_hooks_contrib\\stdhooks'
520929 INFO: Processing standard module hook 'hook-skimage.io.py' from 'D:\\anaconda3\\Lib\\site-packages\\_pyinstaller_hooks_contrib\\stdhooks'
528491 INFO: Processing standard module hook 'hook-skimage.color.py' from 'D:\\anaconda3\\Lib\\site-packages\\_pyinstaller_hooks_contrib\\stdhooks'
532412 INFO: Processing standard module hook 'hook-skimage.feature.py' from 'D:\\anaconda3\\Lib\\site-packages\\_pyinstaller_hooks_contrib\\stdhooks'
536542 INFO: Processing standard module hook 'hook-astropy.py' from 'D:\\anaconda3\\Lib\\site-packages\\_pyinstaller_hooks_contrib\\stdhooks'
544752 INFO: Processing standard module hook 'hook-astropy_iers_data.py' from 'D:\\anaconda3\\Lib\\site-packages\\_pyinstaller_hooks_contrib\\stdhooks'
552226 INFO: Processing standard module hook 'hook-imageio.py' from 'D:\\anaconda3\\Lib\\site-packages\\_pyinstaller_hooks_contrib\\stdhooks'
556534 INFO: Processing standard module hook 'hook-pywt.py' from 'D:\\anaconda3\\Lib\\site-packages\\_pyinstaller_hooks_contrib\\stdhooks'
556809 INFO: Processing standard module hook 'hook-skimage.metrics.py' from 'D:\\anaconda3\\Lib\\site-packages\\_pyinstaller_hooks_contrib\\stdhooks'
560820 INFO: Processing standard module hook 'hook-tinycss2.py' from 'D:\\anaconda3\\Lib\\site-packages\\_pyinstaller_hooks_contrib\\stdhooks'
561740 INFO: Processing standard module hook 'hook-PIL.SpiderImagePlugin.py' from 'D:\\anaconda3\\Lib\\site-packages\\PyInstaller\\hooks'
566717 INFO: Processing standard module hook 'hook-sqlalchemy.py' from 'D:\\anaconda3\\Lib\\site-packages\\PyInstaller\\hooks'
567415 WARNING: Hidden import "MySQLdb" not found!
568022 INFO: Processing standard module hook 'hook-nacl.py' from 'D:\\anaconda3\\Lib\\site-packages\\_pyinstaller_hooks_contrib\\stdhooks'
584228 INFO: Processing standard module hook 'hook-tzdata.py' from 'D:\\anaconda3\\Lib\\site-packages\\_pyinstaller_hooks_contrib\\stdhooks'
588312 INFO: Performing binary vs. data reclassification (11701 entries)
590407 INFO: Looking for ctypes DLLs
591231 INFO: Analyzing run-time hooks ...
591313 INFO: Including run-time hook 'pyi_rth_pkgutil.py' from 'D:\\anaconda3\\Lib\\site-packages\\PyInstaller\\hooks\\rthooks'
591317 INFO: Including run-time hook 'pyi_rth_multiprocessing.py' from 'D:\\anaconda3\\Lib\\site-packages\\PyInstaller\\hooks\\rthooks'
591320 INFO: Including run-time hook 'pyi_rth_inspect.py' from 'D:\\anaconda3\\Lib\\site-packages\\PyInstaller\\hooks\\rthooks'
591325 INFO: Including run-time hook 'pyi_rth_setuptools.py' from 'D:\\anaconda3\\Lib\\site-packages\\PyInstaller\\hooks\\rthooks'
591327 INFO: Including run-time hook 'pyi_rth_pkgres.py' from 'D:\\anaconda3\\Lib\\site-packages\\PyInstaller\\hooks\\rthooks'
591334 INFO: Including run-time hook 'pyi_rth_pywintypes.py' from 'D:\\anaconda3\\Lib\\site-packages\\_pyinstaller_hooks_contrib\\rthooks'
591336 INFO: Including run-time hook 'pyi_rth_pythoncom.py' from 'D:\\anaconda3\\Lib\\site-packages\\_pyinstaller_hooks_contrib\\rthooks'
591338 INFO: Including run-time hook 'pyi_rth_traitlets.py' from 'D:\\anaconda3\\Lib\\site-packages\\_pyinstaller_hooks_contrib\\rthooks'
591340 INFO: Including run-time hook 'pyi_rth_cryptography_openssl.py' from 'D:\\anaconda3\\Lib\\site-packages\\_pyinstaller_hooks_contrib\\rthooks'
591347 INFO: Including run-time hook 'pyi_rth_pyqt6.py' from 'D:\\anaconda3\\Lib\\site-packages\\PyInstaller\\hooks\\rthooks'
591350 INFO: Processing pre-find-module-path hook 'hook-_pyi_rth_utils.py' from 'D:\\anaconda3\\Lib\\site-packages\\PyInstaller\\hooks\\pre_find_module_path'
591353 INFO: Processing standard module hook 'hook-_pyi_rth_utils.py' from 'D:\\anaconda3\\Lib\\site-packages\\PyInstaller\\hooks'
592083 INFO: Creating base_library.zip...
592130 INFO: Looking for dynamic libraries
0.00s - Debugger warning: It seems that frozen modules are being used, which may
0.00s - make the debugger miss breakpoints. Please pass -Xfrozen_modules=off
0.00s - to python to disable frozen modules.
0.00s - Note: Debugging will proceed. Set PYDEVD_DISABLE_FILE_VALIDATION=1 to disable this validation.
617465 INFO: Extra DLL search directories (AddDllDirectory): ['D:\\anaconda3\\Lib\\site-packages\\PyQt6\\Qt6\\bin']
617465 INFO: Extra DLL search directories (PATH): ['D:\\anaconda3\\Lib\\site-packages\\PyQt6\\Qt6\\bin']
624401 WARNING: Library not found: could not resolve 'sycl6.dll', dependency of 'D:\\anaconda3\\Library\\bin\\omptarget.sycl.wrap.dll'.
624401 WARNING: Library not found: could not resolve 'pgf90.dll', dependency of 'D:\\anaconda3\\Library\\bin\\mkl_pgi_thread.2.dll'.
624402 WARNING: Library not found: could not resolve 'pgmath.dll', dependency of 'D:\\anaconda3\\Library\\bin\\mkl_pgi_thread.2.dll'.
624403 WARNING: Library not found: could not resolve 'pgc.dll', dependency of 'D:\\anaconda3\\Library\\bin\\mkl_pgi_thread.2.dll'.
624404 WARNING: Library not found: could not resolve 'msmpi.dll', dependency of 'D:\\anaconda3\\Library\\bin\\mkl_blacs_msmpi_ilp64.2.dll'.
624406 WARNING: Library not found: could not resolve 'msmpi.dll', dependency of 'D:\\anaconda3\\Library\\bin\\mkl_blacs_msmpi_lp64.2.dll'.
624407 WARNING: Library not found: could not resolve 'ze_loader.dll', dependency of 'D:\\anaconda3\\Library\\bin\\omptarget.rtl.level0.dll'.
624408 WARNING: Library not found: could not resolve 'impi.dll', dependency of 'D:\\anaconda3\\Library\\bin\\mkl_blacs_intelmpi_lp64.2.dll'.
624409 WARNING: Library not found: could not resolve 'impi.dll', dependency of 'D:\\anaconda3\\Library\\bin\\mkl_blacs_intelmpi_ilp64.2.dll'.
624802 INFO: Warnings written to D:\PythonProject\QuantVortex\build\futures_qt\warn-futures_qt.txt
626913 INFO: Graph cross-reference written to D:\PythonProject\QuantVortex\build\futures_qt\xref-futures_qt.html
627881 INFO: checking PYZ
627881 INFO: Building PYZ because PYZ-00.toc is non existent
627881 INFO: Building PYZ (ZlibArchive) D:\PythonProject\QuantVortex\build\futures_qt\PYZ-00.pyz
636636 INFO: Building PYZ (ZlibArchive) D:\PythonProject\QuantVortex\build\futures_qt\PYZ-00.pyz completed successfully.
637220 INFO: checking PKG
637220 INFO: Building PKG because PKG-00.toc is non existent
637220 INFO: Building PKG (CArchive) FuturesQuant.pkg
637309 INFO: Building PKG (CArchive) FuturesQuant.pkg completed successfully.
637311 INFO: Bootloader D:\anaconda3\Lib\site-packages\PyInstaller\bootloader\Windows-64bit-intel\runw.exe
637311 INFO: checking EXE
637312 INFO: Building EXE because EXE-00.toc is non existent
637312 INFO: Building EXE from EXE-00.toc
637312 INFO: Copying bootloader EXE to D:\PythonProject\QuantVortex\build\futures_qt\FuturesQuant.exe
637322 INFO: Copying icon to EXE
637330 INFO: Copying 0 resources to EXE
637330 INFO: Embedding manifest in EXE
637339 INFO: Appending PKG archive to EXE
637423 INFO: Fixing EXE headers
638042 INFO: Building EXE from EXE-00.toc completed successfully.
638192 INFO: checking COLLECT
638192 INFO: Building COLLECT because COLLECT-00.toc is non existent
638193 INFO: Building COLLECT COLLECT-00.toc
656876 INFO: Building COLLECT COLLECT-00.toc completed successfully.
657182 INFO: Build complete! The results are available in: D:\PythonProject\QuantVortex\dist
[构建] 执行： D:\anaconda3\python.exe -m PyInstaller --clean --noconfirm D:\PythonProject\QuantVortex\futures_qt.spec
[完成] 可执行文件位于：
        D:\PythonProject\QuantVortex\dist\FuturesQuant
[说明] 把整个 dist/FuturesQuant/ 目录发给用户即可；
        首次运行会自动在 exe 同级（或 AppData）生成 data/ 存放数据库与配置。
        如需安装向导，请用 packaging/installer.iss 打包（见 packaging/分发说明.md）。
